[3.958s] Invoking command in '/home/aimane/humble_ws/src/VNAV_23/vnav_ws/src/Lab3/tesse_ros_bridge': PYTHONPATH=/home/aimane/humble_ws/src/VNAV_23/vnav_ws/build/tesse_ros_bridge/prefix_override:/usr/lib/python3/dist-packages/colcon_core/task/python/colcon_distutils_commands:/home/aimane/humble_ws/src/VNAV_23/vnav_ws/install/tesse_ros_bridge/lib/python3.10/site-packages:${PYTHONPATH} /usr/bin/python3 -W ignore:setup.py install is deprecated -W ignore:easy_install command is deprecated setup.py egg_info --egg-base ../../../build/tesse_ros_bridge build --build-base /home/aimane/humble_ws/src/VNAV_23/vnav_ws/build/tesse_ros_bridge/build install --record /home/aimane/humble_ws/src/VNAV_23/vnav_ws/build/tesse_ros_bridge/install.log --single-version-externally-managed install_data
[5.019s] running egg_info
[5.021s] writing ../../../build/tesse_ros_bridge/tesse_ros_bridge.egg-info/PKG-INFO
[5.022s] writing dependency_links to ../../../build/tesse_ros_bridge/tesse_ros_bridge.egg-info/dependency_links.txt
[5.023s] writing entry points to ../../../build/tesse_ros_bridge/tesse_ros_bridge.egg-info/entry_points.txt
[5.024s] writing requirements to ../../../build/tesse_ros_bridge/tesse_ros_bridge.egg-info/requires.txt
[5.025s] writing top-level names to ../../../build/tesse_ros_bridge/tesse_ros_bridge.egg-info/top_level.txt
[5.032s] reading manifest file '../../../build/tesse_ros_bridge/tesse_ros_bridge.egg-info/SOURCES.txt'
[5.036s] writing manifest file '../../../build/tesse_ros_bridge/tesse_ros_bridge.egg-info/SOURCES.txt'
[5.037s] running build
[5.038s] running build_py
[5.041s] running install
[5.043s] running install_lib
[5.049s] running install_data
[5.051s] running install_egg_info
[5.061s] removing '/home/aimane/humble_ws/src/VNAV_23/vnav_ws/install/tesse_ros_bridge/lib/python3.10/site-packages/tesse_ros_bridge-0.0.0-py3.10.egg-info' (and everything under it)
[5.063s] Copying ../../../build/tesse_ros_bridge/tesse_ros_bridge.egg-info to /home/aimane/humble_ws/src/VNAV_23/vnav_ws/install/tesse_ros_bridge/lib/python3.10/site-packages/tesse_ros_bridge-0.0.0-py3.10.egg-info
[5.066s] running install_scripts
[5.213s] Installing key_teleop script to /home/aimane/humble_ws/src/VNAV_23/vnav_ws/install/tesse_ros_bridge/lib/tesse_ros_bridge
[5.213s] Installing quadrotor_control_interface script to /home/aimane/humble_ws/src/VNAV_23/vnav_ws/install/tesse_ros_bridge/lib/tesse_ros_bridge
[5.214s] Installing tesse_ros_node script to /home/aimane/humble_ws/src/VNAV_23/vnav_ws/install/tesse_ros_bridge/lib/tesse_ros_bridge
[5.215s] writing list of installed files to '/home/aimane/humble_ws/src/VNAV_23/vnav_ws/build/tesse_ros_bridge/install.log'
[5.292s] Invoked command in '/home/aimane/humble_ws/src/VNAV_23/vnav_ws/src/Lab3/tesse_ros_bridge' returned '0': PYTHONPATH=/home/aimane/humble_ws/src/VNAV_23/vnav_ws/build/tesse_ros_bridge/prefix_override:/usr/lib/python3/dist-packages/colcon_core/task/python/colcon_distutils_commands:/home/aimane/humble_ws/src/VNAV_23/vnav_ws/install/tesse_ros_bridge/lib/python3.10/site-packages:${PYTHONPATH} /usr/bin/python3 -W ignore:setup.py install is deprecated -W ignore:easy_install command is deprecated setup.py egg_info --egg-base ../../../build/tesse_ros_bridge build --build-base /home/aimane/humble_ws/src/VNAV_23/vnav_ws/build/tesse_ros_bridge/build install --record /home/aimane/humble_ws/src/VNAV_23/vnav_ws/build/tesse_ros_bridge/install.log --single-version-externally-managed install_data
