[0.294s] Invoking command in '/home/aimane/humble_ws/src/VNAV_23/vnav_ws/build/mav_msgs': CMAKE_PREFIX_PATH=${CMAKE_PREFIX_PATH}:/home/aimane/humble_ws/src/VNAV_23/vnav_ws/install/tesse_ros_bridge:/opt/ros/humble /usr/bin/cmake --build /home/aimane/humble_ws/src/VNAV_23/vnav_ws/build/mav_msgs -- -j8 -l8
[1.429s] [  1%] Built target mav_msgs__cpp
[1.761s] [  1%] Built target ament_cmake_python_copy_mav_msgs
[2.273s] [ 12%] Built target mav_msgs__rosidl_typesupport_introspection_cpp
[3.372s] running egg_info
[3.375s] writing mav_msgs.egg-info/PKG-INFO
[3.376s] writing dependency_links to mav_msgs.egg-info/dependency_links.txt
[3.377s] writing top-level names to mav_msgs.egg-info/top_level.txt
[3.393s] reading manifest file 'mav_msgs.egg-info/SOURCES.txt'
[3.397s] writing manifest file 'mav_msgs.egg-info/SOURCES.txt'
[3.544s] [ 12%] Built target ament_cmake_python_build_mav_msgs_egg
[3.842s] [ 24%] Built target mav_msgs__rosidl_typesupport_fastrtps_cpp
[4.095s] [ 35%] Built target mav_msgs__rosidl_typesupport_cpp
[4.321s] [ 47%] Built target mav_msgs__rosidl_generator_c
[4.598s] [ 58%] Built target mav_msgs__rosidl_typesupport_fastrtps_c
[4.774s] [ 70%] Built target mav_msgs__rosidl_typesupport_c
[5.324s] [ 81%] Built target mav_msgs__rosidl_typesupport_introspection_c
[5.392s] [ 81%] Built target mav_msgs
[5.542s] [ 82%] Built target mav_msgs__py
[5.716s] [ 93%] Built target mav_msgs__rosidl_generator_py
[5.921s] [ 95%] Built target mav_msgs__rosidl_typesupport_fastrtps_c__pyext
[6.155s] [ 97%] Built target mav_msgs__rosidl_typesupport_c__pyext
[6.290s] [100%] Built target mav_msgs__rosidl_typesupport_introspection_c__pyext
[6.321s] Invoked command in '/home/aimane/humble_ws/src/VNAV_23/vnav_ws/build/mav_msgs' returned '0': CMAKE_PREFIX_PATH=${CMAKE_PREFIX_PATH}:/home/aimane/humble_ws/src/VNAV_23/vnav_ws/install/tesse_ros_bridge:/opt/ros/humble /usr/bin/cmake --build /home/aimane/humble_ws/src/VNAV_23/vnav_ws/build/mav_msgs -- -j8 -l8
[6.343s] Invoking command in '/home/aimane/humble_ws/src/VNAV_23/vnav_ws/build/mav_msgs': CMAKE_PREFIX_PATH=${CMAKE_PREFIX_PATH}:/home/aimane/humble_ws/src/VNAV_23/vnav_ws/install/tesse_ros_bridge:/opt/ros/humble /usr/bin/cmake --install /home/aimane/humble_ws/src/VNAV_23/vnav_ws/build/mav_msgs
[6.383s] -- Install configuration: ""
[6.384s] -- Up-to-date: /home/aimane/humble_ws/src/VNAV_23/vnav_ws/install/mav_msgs/share/ament_index/resource_index/rosidl_interfaces/mav_msgs
[6.384s] -- Up-to-date: /home/aimane/humble_ws/src/VNAV_23/vnav_ws/install/mav_msgs/include/mav_msgs/mav_msgs
[6.384s] -- Up-to-date: /home/aimane/humble_ws/src/VNAV_23/vnav_ws/install/mav_msgs/include/mav_msgs/mav_msgs/msg
[6.388s] -- Up-to-date: /home/aimane/humble_ws/src/VNAV_23/vnav_ws/install/mav_msgs/include/mav_msgs/mav_msgs/msg/actuators.h
[6.388s] -- Up-to-date: /home/aimane/humble_ws/src/VNAV_23/vnav_ws/install/mav_msgs/include/mav_msgs/mav_msgs/msg/detail
[6.388s] -- Up-to-date: /home/aimane/humble_ws/src/VNAV_23/vnav_ws/install/mav_msgs/include/mav_msgs/mav_msgs/msg/detail/attitude_thrust__struct.h
[6.388s] -- Up-to-date: /home/aimane/humble_ws/src/VNAV_23/vnav_ws/install/mav_msgs/include/mav_msgs/mav_msgs/msg/detail/roll_pitch_yawrate_thrust__functions.h
[6.389s] -- Up-to-date: /home/aimane/humble_ws/src/VNAV_23/vnav_ws/install/mav_msgs/include/mav_msgs/mav_msgs/msg/detail/rate_thrust__struct.h
[6.391s] -- Up-to-date: /home/aimane/humble_ws/src/VNAV_23/vnav_ws/install/mav_msgs/include/mav_msgs/mav_msgs/msg/detail/filtered_sensor_data__type_support.h
[6.391s] -- Up-to-date: /home/aimane/humble_ws/src/VNAV_23/vnav_ws/install/mav_msgs/include/mav_msgs/mav_msgs/msg/detail/roll_pitch_yawrate_thrust__type_support.h
[6.392s] -- Up-to-date: /home/aimane/humble_ws/src/VNAV_23/vnav_ws/install/mav_msgs/include/mav_msgs/mav_msgs/msg/detail/actuators__functions.h
[6.392s] -- Up-to-date: /home/aimane/humble_ws/src/VNAV_23/vnav_ws/install/mav_msgs/include/mav_msgs/mav_msgs/msg/detail/rate_thrust__functions.c
[6.392s] -- Up-to-date: /home/aimane/humble_ws/src/VNAV_23/vnav_ws/install/mav_msgs/include/mav_msgs/mav_msgs/msg/detail/roll_pitch_yawrate_thrust__struct.h
[6.392s] -- Up-to-date: /home/aimane/humble_ws/src/VNAV_23/vnav_ws/install/mav_msgs/include/mav_msgs/mav_msgs/msg/detail/status__functions.c
[6.392s] -- Up-to-date: /home/aimane/humble_ws/src/VNAV_23/vnav_ws/install/mav_msgs/include/mav_msgs/mav_msgs/msg/detail/attitude_thrust__type_support.h
[6.392s] -- Up-to-date: /home/aimane/humble_ws/src/VNAV_23/vnav_ws/install/mav_msgs/include/mav_msgs/mav_msgs/msg/detail/filtered_sensor_data__functions.c
[6.393s] -- Up-to-date: /home/aimane/humble_ws/src/VNAV_23/vnav_ws/install/mav_msgs/include/mav_msgs/mav_msgs/msg/detail/actuators__type_support.h
[6.393s] -- Up-to-date: /home/aimane/humble_ws/src/VNAV_23/vnav_ws/install/mav_msgs/include/mav_msgs/mav_msgs/msg/detail/status__type_support.h
[6.393s] -- Up-to-date: /home/aimane/humble_ws/src/VNAV_23/vnav_ws/install/mav_msgs/include/mav_msgs/mav_msgs/msg/detail/actuators__struct.h
[6.393s] -- Up-to-date: /home/aimane/humble_ws/src/VNAV_23/vnav_ws/install/mav_msgs/include/mav_msgs/mav_msgs/msg/detail/attitude_thrust__functions.h
[6.393s] -- Up-to-date: /home/aimane/humble_ws/src/VNAV_23/vnav_ws/install/mav_msgs/include/mav_msgs/mav_msgs/msg/detail/gps_waypoint__type_support.h
[6.393s] -- Up-to-date: /home/aimane/humble_ws/src/VNAV_23/vnav_ws/install/mav_msgs/include/mav_msgs/mav_msgs/msg/detail/torque_thrust__type_support.h
[6.399s] -- Up-to-date: /home/aimane/humble_ws/src/VNAV_23/vnav_ws/install/mav_msgs/include/mav_msgs/mav_msgs/msg/detail/gps_waypoint__struct.h
[6.399s] -- Up-to-date: /home/aimane/humble_ws/src/VNAV_23/vnav_ws/install/mav_msgs/include/mav_msgs/mav_msgs/msg/detail/rate_thrust__functions.h
[6.400s] -- Up-to-date: /home/aimane/humble_ws/src/VNAV_23/vnav_ws/install/mav_msgs/include/mav_msgs/mav_msgs/msg/detail/status__functions.h
[6.400s] -- Up-to-date: /home/aimane/humble_ws/src/VNAV_23/vnav_ws/install/mav_msgs/include/mav_msgs/mav_msgs/msg/detail/roll_pitch_yawrate_thrust__functions.c
[6.401s] -- Up-to-date: /home/aimane/humble_ws/src/VNAV_23/vnav_ws/install/mav_msgs/include/mav_msgs/mav_msgs/msg/detail/attitude_thrust__functions.c
[6.401s] -- Up-to-date: /home/aimane/humble_ws/src/VNAV_23/vnav_ws/install/mav_msgs/include/mav_msgs/mav_msgs/msg/detail/gps_waypoint__functions.c
[6.402s] -- Up-to-date: /home/aimane/humble_ws/src/VNAV_23/vnav_ws/install/mav_msgs/include/mav_msgs/mav_msgs/msg/detail/torque_thrust__functions.c
[6.402s] -- Up-to-date: /home/aimane/humble_ws/src/VNAV_23/vnav_ws/install/mav_msgs/include/mav_msgs/mav_msgs/msg/detail/torque_thrust__functions.h
[6.402s] -- Up-to-date: /home/aimane/humble_ws/src/VNAV_23/vnav_ws/install/mav_msgs/include/mav_msgs/mav_msgs/msg/detail/gps_waypoint__functions.h
[6.402s] -- Up-to-date: /home/aimane/humble_ws/src/VNAV_23/vnav_ws/install/mav_msgs/include/mav_msgs/mav_msgs/msg/detail/rate_thrust__type_support.h
[6.402s] -- Up-to-date: /home/aimane/humble_ws/src/VNAV_23/vnav_ws/install/mav_msgs/include/mav_msgs/mav_msgs/msg/detail/filtered_sensor_data__struct.h
[6.402s] -- Up-to-date: /home/aimane/humble_ws/src/VNAV_23/vnav_ws/install/mav_msgs/include/mav_msgs/mav_msgs/msg/detail/status__struct.h
[6.403s] -- Up-to-date: /home/aimane/humble_ws/src/VNAV_23/vnav_ws/install/mav_msgs/include/mav_msgs/mav_msgs/msg/detail/torque_thrust__struct.h
[6.403s] -- Up-to-date: /home/aimane/humble_ws/src/VNAV_23/vnav_ws/install/mav_msgs/include/mav_msgs/mav_msgs/msg/detail/actuators__functions.c
[6.406s] -- Up-to-date: /home/aimane/humble_ws/src/VNAV_23/vnav_ws/install/mav_msgs/include/mav_msgs/mav_msgs/msg/detail/filtered_sensor_data__functions.h
[6.406s] -- Up-to-date: /home/aimane/humble_ws/src/VNAV_23/vnav_ws/install/mav_msgs/include/mav_msgs/mav_msgs/msg/filtered_sensor_data.h
[6.406s] -- Up-to-date: /home/aimane/humble_ws/src/VNAV_23/vnav_ws/install/mav_msgs/include/mav_msgs/mav_msgs/msg/torque_thrust.h
[6.407s] -- Up-to-date: /home/aimane/humble_ws/src/VNAV_23/vnav_ws/install/mav_msgs/include/mav_msgs/mav_msgs/msg/rate_thrust.h
[6.407s] -- Up-to-date: /home/aimane/humble_ws/src/VNAV_23/vnav_ws/install/mav_msgs/include/mav_msgs/mav_msgs/msg/gps_waypoint.h
[6.407s] -- Up-to-date: /home/aimane/humble_ws/src/VNAV_23/vnav_ws/install/mav_msgs/include/mav_msgs/mav_msgs/msg/status.h
[6.407s] -- Up-to-date: /home/aimane/humble_ws/src/VNAV_23/vnav_ws/install/mav_msgs/include/mav_msgs/mav_msgs/msg/attitude_thrust.h
[6.407s] -- Up-to-date: /home/aimane/humble_ws/src/VNAV_23/vnav_ws/install/mav_msgs/include/mav_msgs/mav_msgs/msg/roll_pitch_yawrate_thrust.h
[6.407s] -- Up-to-date: /home/aimane/humble_ws/src/VNAV_23/vnav_ws/install/mav_msgs/include/mav_msgs/mav_msgs/msg/rosidl_generator_c__visibility_control.h
[6.407s] -- Up-to-date: /home/aimane/humble_ws/src/VNAV_23/vnav_ws/install/mav_msgs/share/mav_msgs/environment/library_path.sh
[6.408s] -- Up-to-date: /home/aimane/humble_ws/src/VNAV_23/vnav_ws/install/mav_msgs/share/mav_msgs/environment/library_path.dsv
[6.422s] -- Up-to-date: /home/aimane/humble_ws/src/VNAV_23/vnav_ws/install/mav_msgs/lib/libmav_msgs__rosidl_generator_c.so
[6.422s] -- Up-to-date: /home/aimane/humble_ws/src/VNAV_23/vnav_ws/install/mav_msgs/include/mav_msgs/mav_msgs
[6.425s] -- Up-to-date: /home/aimane/humble_ws/src/VNAV_23/vnav_ws/install/mav_msgs/include/mav_msgs/mav_msgs/msg
[6.425s] -- Up-to-date: /home/aimane/humble_ws/src/VNAV_23/vnav_ws/install/mav_msgs/include/mav_msgs/mav_msgs/msg/detail
[6.426s] -- Up-to-date: /home/aimane/humble_ws/src/VNAV_23/vnav_ws/install/mav_msgs/include/mav_msgs/mav_msgs/msg/detail/actuators__rosidl_typesupport_fastrtps_c.h
[6.426s] -- Up-to-date: /home/aimane/humble_ws/src/VNAV_23/vnav_ws/install/mav_msgs/include/mav_msgs/mav_msgs/msg/detail/rate_thrust__rosidl_typesupport_fastrtps_c.h
[6.426s] -- Up-to-date: /home/aimane/humble_ws/src/VNAV_23/vnav_ws/install/mav_msgs/include/mav_msgs/mav_msgs/msg/detail/status__rosidl_typesupport_fastrtps_c.h
[6.426s] -- Up-to-date: /home/aimane/humble_ws/src/VNAV_23/vnav_ws/install/mav_msgs/include/mav_msgs/mav_msgs/msg/detail/filtered_sensor_data__rosidl_typesupport_fastrtps_c.h
[6.426s] -- Up-to-date: /home/aimane/humble_ws/src/VNAV_23/vnav_ws/install/mav_msgs/include/mav_msgs/mav_msgs/msg/detail/gps_waypoint__rosidl_typesupport_fastrtps_c.h
[6.428s] -- Up-to-date: /home/aimane/humble_ws/src/VNAV_23/vnav_ws/install/mav_msgs/include/mav_msgs/mav_msgs/msg/detail/roll_pitch_yawrate_thrust__rosidl_typesupport_fastrtps_c.h
[6.428s] -- Up-to-date: /home/aimane/humble_ws/src/VNAV_23/vnav_ws/install/mav_msgs/include/mav_msgs/mav_msgs/msg/detail/attitude_thrust__rosidl_typesupport_fastrtps_c.h
[6.428s] -- Up-to-date: /home/aimane/humble_ws/src/VNAV_23/vnav_ws/install/mav_msgs/include/mav_msgs/mav_msgs/msg/detail/torque_thrust__rosidl_typesupport_fastrtps_c.h
[6.428s] -- Up-to-date: /home/aimane/humble_ws/src/VNAV_23/vnav_ws/install/mav_msgs/include/mav_msgs/mav_msgs/msg/rosidl_typesupport_fastrtps_c__visibility_control.h
[6.436s] -- Up-to-date: /home/aimane/humble_ws/src/VNAV_23/vnav_ws/install/mav_msgs/lib/libmav_msgs__rosidl_typesupport_fastrtps_c.so
[6.436s] -- Up-to-date: /home/aimane/humble_ws/src/VNAV_23/vnav_ws/install/mav_msgs/include/mav_msgs/mav_msgs
[6.436s] -- Up-to-date: /home/aimane/humble_ws/src/VNAV_23/vnav_ws/install/mav_msgs/include/mav_msgs/mav_msgs/msg
[6.436s] -- Up-to-date: /home/aimane/humble_ws/src/VNAV_23/vnav_ws/install/mav_msgs/include/mav_msgs/mav_msgs/msg/rosidl_typesupport_introspection_c__visibility_control.h
[6.437s] -- Up-to-date: /home/aimane/humble_ws/src/VNAV_23/vnav_ws/install/mav_msgs/include/mav_msgs/mav_msgs/msg/detail
[6.437s] -- Up-to-date: /home/aimane/humble_ws/src/VNAV_23/vnav_ws/install/mav_msgs/include/mav_msgs/mav_msgs/msg/detail/torque_thrust__rosidl_typesupport_introspection_c.h
[6.437s] -- Up-to-date: /home/aimane/humble_ws/src/VNAV_23/vnav_ws/install/mav_msgs/include/mav_msgs/mav_msgs/msg/detail/status__rosidl_typesupport_introspection_c.h
[6.437s] -- Up-to-date: /home/aimane/humble_ws/src/VNAV_23/vnav_ws/install/mav_msgs/include/mav_msgs/mav_msgs/msg/detail/status__type_support.c
[6.437s] -- Up-to-date: /home/aimane/humble_ws/src/VNAV_23/vnav_ws/install/mav_msgs/include/mav_msgs/mav_msgs/msg/detail/attitude_thrust__type_support.c
[6.438s] -- Up-to-date: /home/aimane/humble_ws/src/VNAV_23/vnav_ws/install/mav_msgs/include/mav_msgs/mav_msgs/msg/detail/roll_pitch_yawrate_thrust__rosidl_typesupport_introspection_c.h
[6.441s] -- Up-to-date: /home/aimane/humble_ws/src/VNAV_23/vnav_ws/install/mav_msgs/include/mav_msgs/mav_msgs/msg/detail/attitude_thrust__rosidl_typesupport_introspection_c.h
[6.441s] -- Up-to-date: /home/aimane/humble_ws/src/VNAV_23/vnav_ws/install/mav_msgs/include/mav_msgs/mav_msgs/msg/detail/actuators__rosidl_typesupport_introspection_c.h
[6.441s] -- Up-to-date: /home/aimane/humble_ws/src/VNAV_23/vnav_ws/install/mav_msgs/include/mav_msgs/mav_msgs/msg/detail/filtered_sensor_data__type_support.c
[6.441s] -- Up-to-date: /home/aimane/humble_ws/src/VNAV_23/vnav_ws/install/mav_msgs/include/mav_msgs/mav_msgs/msg/detail/rate_thrust__rosidl_typesupport_introspection_c.h
[6.441s] -- Up-to-date: /home/aimane/humble_ws/src/VNAV_23/vnav_ws/install/mav_msgs/include/mav_msgs/mav_msgs/msg/detail/roll_pitch_yawrate_thrust__type_support.c
[6.442s] -- Up-to-date: /home/aimane/humble_ws/src/VNAV_23/vnav_ws/install/mav_msgs/include/mav_msgs/mav_msgs/msg/detail/gps_waypoint__rosidl_typesupport_introspection_c.h
[6.444s] -- Up-to-date: /home/aimane/humble_ws/src/VNAV_23/vnav_ws/install/mav_msgs/include/mav_msgs/mav_msgs/msg/detail/torque_thrust__type_support.c
[6.445s] -- Up-to-date: /home/aimane/humble_ws/src/VNAV_23/vnav_ws/install/mav_msgs/include/mav_msgs/mav_msgs/msg/detail/rate_thrust__type_support.c
[6.445s] -- Up-to-date: /home/aimane/humble_ws/src/VNAV_23/vnav_ws/install/mav_msgs/include/mav_msgs/mav_msgs/msg/detail/actuators__type_support.c
[6.445s] -- Up-to-date: /home/aimane/humble_ws/src/VNAV_23/vnav_ws/install/mav_msgs/include/mav_msgs/mav_msgs/msg/detail/filtered_sensor_data__rosidl_typesupport_introspection_c.h
[6.445s] -- Up-to-date: /home/aimane/humble_ws/src/VNAV_23/vnav_ws/install/mav_msgs/include/mav_msgs/mav_msgs/msg/detail/gps_waypoint__type_support.c
[6.468s] -- Up-to-date: /home/aimane/humble_ws/src/VNAV_23/vnav_ws/install/mav_msgs/lib/libmav_msgs__rosidl_typesupport_introspection_c.so
[6.468s] -- Up-to-date: /home/aimane/humble_ws/src/VNAV_23/vnav_ws/install/mav_msgs/lib/libmav_msgs__rosidl_typesupport_c.so
[6.470s] -- Up-to-date: /home/aimane/humble_ws/src/VNAV_23/vnav_ws/install/mav_msgs/include/mav_msgs/mav_msgs
[6.470s] -- Up-to-date: /home/aimane/humble_ws/src/VNAV_23/vnav_ws/install/mav_msgs/include/mav_msgs/mav_msgs/msg
[6.470s] -- Up-to-date: /home/aimane/humble_ws/src/VNAV_23/vnav_ws/install/mav_msgs/include/mav_msgs/mav_msgs/msg/status.hpp
[6.471s] -- Up-to-date: /home/aimane/humble_ws/src/VNAV_23/vnav_ws/install/mav_msgs/include/mav_msgs/mav_msgs/msg/roll_pitch_yawrate_thrust.hpp
[6.471s] -- Up-to-date: /home/aimane/humble_ws/src/VNAV_23/vnav_ws/install/mav_msgs/include/mav_msgs/mav_msgs/msg/detail
[6.471s] -- Up-to-date: /home/aimane/humble_ws/src/VNAV_23/vnav_ws/install/mav_msgs/include/mav_msgs/mav_msgs/msg/detail/gps_waypoint__builder.hpp
[6.475s] -- Up-to-date: /home/aimane/humble_ws/src/VNAV_23/vnav_ws/install/mav_msgs/include/mav_msgs/mav_msgs/msg/detail/rate_thrust__struct.hpp
[6.476s] -- Up-to-date: /home/aimane/humble_ws/src/VNAV_23/vnav_ws/install/mav_msgs/include/mav_msgs/mav_msgs/msg/detail/actuators__type_support.hpp
[6.476s] -- Up-to-date: /home/aimane/humble_ws/src/VNAV_23/vnav_ws/install/mav_msgs/include/mav_msgs/mav_msgs/msg/detail/torque_thrust__type_support.hpp
[6.477s] -- Up-to-date: /home/aimane/humble_ws/src/VNAV_23/vnav_ws/install/mav_msgs/include/mav_msgs/mav_msgs/msg/detail/status__traits.hpp
[6.477s] -- Up-to-date: /home/aimane/humble_ws/src/VNAV_23/vnav_ws/install/mav_msgs/include/mav_msgs/mav_msgs/msg/detail/torque_thrust__traits.hpp
[6.477s] -- Up-to-date: /home/aimane/humble_ws/src/VNAV_23/vnav_ws/install/mav_msgs/include/mav_msgs/mav_msgs/msg/detail/rate_thrust__traits.hpp
[6.477s] -- Up-to-date: /home/aimane/humble_ws/src/VNAV_23/vnav_ws/install/mav_msgs/include/mav_msgs/mav_msgs/msg/detail/filtered_sensor_data__type_support.hpp
[6.477s] -- Up-to-date: /home/aimane/humble_ws/src/VNAV_23/vnav_ws/install/mav_msgs/include/mav_msgs/mav_msgs/msg/detail/actuators__builder.hpp
[6.478s] -- Up-to-date: /home/aimane/humble_ws/src/VNAV_23/vnav_ws/install/mav_msgs/include/mav_msgs/mav_msgs/msg/detail/filtered_sensor_data__builder.hpp
[6.478s] -- Up-to-date: /home/aimane/humble_ws/src/VNAV_23/vnav_ws/install/mav_msgs/include/mav_msgs/mav_msgs/msg/detail/actuators__traits.hpp
[6.478s] -- Up-to-date: /home/aimane/humble_ws/src/VNAV_23/vnav_ws/install/mav_msgs/include/mav_msgs/mav_msgs/msg/detail/roll_pitch_yawrate_thrust__builder.hpp
[6.478s] -- Up-to-date: /home/aimane/humble_ws/src/VNAV_23/vnav_ws/install/mav_msgs/include/mav_msgs/mav_msgs/msg/detail/rate_thrust__type_support.hpp
[6.479s] -- Up-to-date: /home/aimane/humble_ws/src/VNAV_23/vnav_ws/install/mav_msgs/include/mav_msgs/mav_msgs/msg/detail/roll_pitch_yawrate_thrust__type_support.hpp
[6.479s] -- Up-to-date: /home/aimane/humble_ws/src/VNAV_23/vnav_ws/install/mav_msgs/include/mav_msgs/mav_msgs/msg/detail/status__type_support.hpp
[6.479s] -- Up-to-date: /home/aimane/humble_ws/src/VNAV_23/vnav_ws/install/mav_msgs/include/mav_msgs/mav_msgs/msg/detail/attitude_thrust__type_support.hpp
[6.480s] -- Up-to-date: /home/aimane/humble_ws/src/VNAV_23/vnav_ws/install/mav_msgs/include/mav_msgs/mav_msgs/msg/detail/torque_thrust__struct.hpp
[6.480s] -- Up-to-date: /home/aimane/humble_ws/src/VNAV_23/vnav_ws/install/mav_msgs/include/mav_msgs/mav_msgs/msg/detail/status__struct.hpp
[6.480s] -- Up-to-date: /home/aimane/humble_ws/src/VNAV_23/vnav_ws/install/mav_msgs/include/mav_msgs/mav_msgs/msg/detail/attitude_thrust__builder.hpp
[6.482s] -- Up-to-date: /home/aimane/humble_ws/src/VNAV_23/vnav_ws/install/mav_msgs/include/mav_msgs/mav_msgs/msg/detail/roll_pitch_yawrate_thrust__struct.hpp
[6.483s] -- Up-to-date: /home/aimane/humble_ws/src/VNAV_23/vnav_ws/install/mav_msgs/include/mav_msgs/mav_msgs/msg/detail/gps_waypoint__traits.hpp
[6.484s] -- Up-to-date: /home/aimane/humble_ws/src/VNAV_23/vnav_ws/install/mav_msgs/include/mav_msgs/mav_msgs/msg/detail/gps_waypoint__type_support.hpp
[6.485s] -- Up-to-date: /home/aimane/humble_ws/src/VNAV_23/vnav_ws/install/mav_msgs/include/mav_msgs/mav_msgs/msg/detail/filtered_sensor_data__struct.hpp
[6.485s] -- Up-to-date: /home/aimane/humble_ws/src/VNAV_23/vnav_ws/install/mav_msgs/include/mav_msgs/mav_msgs/msg/detail/gps_waypoint__struct.hpp
[6.485s] -- Up-to-date: /home/aimane/humble_ws/src/VNAV_23/vnav_ws/install/mav_msgs/include/mav_msgs/mav_msgs/msg/detail/roll_pitch_yawrate_thrust__traits.hpp
[6.486s] -- Up-to-date: /home/aimane/humble_ws/src/VNAV_23/vnav_ws/install/mav_msgs/include/mav_msgs/mav_msgs/msg/detail/status__builder.hpp
[6.486s] -- Up-to-date: /home/aimane/humble_ws/src/VNAV_23/vnav_ws/install/mav_msgs/include/mav_msgs/mav_msgs/msg/detail/attitude_thrust__traits.hpp
[6.486s] -- Up-to-date: /home/aimane/humble_ws/src/VNAV_23/vnav_ws/install/mav_msgs/include/mav_msgs/mav_msgs/msg/detail/torque_thrust__builder.hpp
[6.487s] -- Up-to-date: /home/aimane/humble_ws/src/VNAV_23/vnav_ws/install/mav_msgs/include/mav_msgs/mav_msgs/msg/detail/actuators__struct.hpp
[6.487s] -- Up-to-date: /home/aimane/humble_ws/src/VNAV_23/vnav_ws/install/mav_msgs/include/mav_msgs/mav_msgs/msg/detail/filtered_sensor_data__traits.hpp
[6.488s] -- Up-to-date: /home/aimane/humble_ws/src/VNAV_23/vnav_ws/install/mav_msgs/include/mav_msgs/mav_msgs/msg/detail/rate_thrust__builder.hpp
[6.488s] -- Up-to-date: /home/aimane/humble_ws/src/VNAV_23/vnav_ws/install/mav_msgs/include/mav_msgs/mav_msgs/msg/detail/attitude_thrust__struct.hpp
[6.489s] -- Up-to-date: /home/aimane/humble_ws/src/VNAV_23/vnav_ws/install/mav_msgs/include/mav_msgs/mav_msgs/msg/torque_thrust.hpp
[6.489s] -- Up-to-date: /home/aimane/humble_ws/src/VNAV_23/vnav_ws/install/mav_msgs/include/mav_msgs/mav_msgs/msg/rate_thrust.hpp
[6.489s] -- Up-to-date: /home/aimane/humble_ws/src/VNAV_23/vnav_ws/install/mav_msgs/include/mav_msgs/mav_msgs/msg/attitude_thrust.hpp
[6.490s] -- Up-to-date: /home/aimane/humble_ws/src/VNAV_23/vnav_ws/install/mav_msgs/include/mav_msgs/mav_msgs/msg/filtered_sensor_data.hpp
[6.490s] -- Up-to-date: /home/aimane/humble_ws/src/VNAV_23/vnav_ws/install/mav_msgs/include/mav_msgs/mav_msgs/msg/gps_waypoint.hpp
[6.490s] -- Up-to-date: /home/aimane/humble_ws/src/VNAV_23/vnav_ws/install/mav_msgs/include/mav_msgs/mav_msgs/msg/actuators.hpp
[6.491s] -- Up-to-date: /home/aimane/humble_ws/src/VNAV_23/vnav_ws/install/mav_msgs/include/mav_msgs/mav_msgs/msg/rosidl_generator_cpp__visibility_control.hpp
[6.491s] -- Up-to-date: /home/aimane/humble_ws/src/VNAV_23/vnav_ws/install/mav_msgs/include/mav_msgs/mav_msgs
[6.491s] -- Up-to-date: /home/aimane/humble_ws/src/VNAV_23/vnav_ws/install/mav_msgs/include/mav_msgs/mav_msgs/msg
[6.492s] -- Up-to-date: /home/aimane/humble_ws/src/VNAV_23/vnav_ws/install/mav_msgs/include/mav_msgs/mav_msgs/msg/detail
[6.492s] -- Up-to-date: /home/aimane/humble_ws/src/VNAV_23/vnav_ws/install/mav_msgs/include/mav_msgs/mav_msgs/msg/detail/gps_waypoint__rosidl_typesupport_fastrtps_cpp.hpp
[6.492s] -- Up-to-date: /home/aimane/humble_ws/src/VNAV_23/vnav_ws/install/mav_msgs/include/mav_msgs/mav_msgs/msg/detail/dds_fastrtps
[6.493s] -- Up-to-date: /home/aimane/humble_ws/src/VNAV_23/vnav_ws/install/mav_msgs/include/mav_msgs/mav_msgs/msg/detail/status__rosidl_typesupport_fastrtps_cpp.hpp
[6.493s] -- Up-to-date: /home/aimane/humble_ws/src/VNAV_23/vnav_ws/install/mav_msgs/include/mav_msgs/mav_msgs/msg/detail/actuators__rosidl_typesupport_fastrtps_cpp.hpp
[6.493s] -- Up-to-date: /home/aimane/humble_ws/src/VNAV_23/vnav_ws/install/mav_msgs/include/mav_msgs/mav_msgs/msg/detail/roll_pitch_yawrate_thrust__rosidl_typesupport_fastrtps_cpp.hpp
[6.493s] -- Up-to-date: /home/aimane/humble_ws/src/VNAV_23/vnav_ws/install/mav_msgs/include/mav_msgs/mav_msgs/msg/detail/attitude_thrust__rosidl_typesupport_fastrtps_cpp.hpp
[6.494s] -- Up-to-date: /home/aimane/humble_ws/src/VNAV_23/vnav_ws/install/mav_msgs/include/mav_msgs/mav_msgs/msg/detail/rate_thrust__rosidl_typesupport_fastrtps_cpp.hpp
[6.494s] -- Up-to-date: /home/aimane/humble_ws/src/VNAV_23/vnav_ws/install/mav_msgs/include/mav_msgs/mav_msgs/msg/detail/torque_thrust__rosidl_typesupport_fastrtps_cpp.hpp
[6.494s] -- Up-to-date: /home/aimane/humble_ws/src/VNAV_23/vnav_ws/install/mav_msgs/include/mav_msgs/mav_msgs/msg/detail/filtered_sensor_data__rosidl_typesupport_fastrtps_cpp.hpp
[6.494s] -- Up-to-date: /home/aimane/humble_ws/src/VNAV_23/vnav_ws/install/mav_msgs/include/mav_msgs/mav_msgs/msg/rosidl_typesupport_fastrtps_cpp__visibility_control.h
[6.506s] -- Up-to-date: /home/aimane/humble_ws/src/VNAV_23/vnav_ws/install/mav_msgs/lib/libmav_msgs__rosidl_typesupport_fastrtps_cpp.so
[6.506s] -- Up-to-date: /home/aimane/humble_ws/src/VNAV_23/vnav_ws/install/mav_msgs/include/mav_msgs/mav_msgs
[6.507s] -- Up-to-date: /home/aimane/humble_ws/src/VNAV_23/vnav_ws/install/mav_msgs/include/mav_msgs/mav_msgs/msg
[6.512s] -- Up-to-date: /home/aimane/humble_ws/src/VNAV_23/vnav_ws/install/mav_msgs/include/mav_msgs/mav_msgs/msg/detail
[6.513s] -- Up-to-date: /home/aimane/humble_ws/src/VNAV_23/vnav_ws/install/mav_msgs/include/mav_msgs/mav_msgs/msg/detail/status__type_support.cpp
[6.514s] -- Up-to-date: /home/aimane/humble_ws/src/VNAV_23/vnav_ws/install/mav_msgs/include/mav_msgs/mav_msgs/msg/detail/filtered_sensor_data__rosidl_typesupport_introspection_cpp.hpp
[6.514s] -- Up-to-date: /home/aimane/humble_ws/src/VNAV_23/vnav_ws/install/mav_msgs/include/mav_msgs/mav_msgs/msg/detail/gps_waypoint__type_support.cpp
[6.514s] -- Up-to-date: /home/aimane/humble_ws/src/VNAV_23/vnav_ws/install/mav_msgs/include/mav_msgs/mav_msgs/msg/detail/attitude_thrust__type_support.cpp
[6.514s] -- Up-to-date: /home/aimane/humble_ws/src/VNAV_23/vnav_ws/install/mav_msgs/include/mav_msgs/mav_msgs/msg/detail/rate_thrust__type_support.cpp
[6.515s] -- Up-to-date: /home/aimane/humble_ws/src/VNAV_23/vnav_ws/install/mav_msgs/include/mav_msgs/mav_msgs/msg/detail/status__rosidl_typesupport_introspection_cpp.hpp
[6.515s] -- Up-to-date: /home/aimane/humble_ws/src/VNAV_23/vnav_ws/install/mav_msgs/include/mav_msgs/mav_msgs/msg/detail/rate_thrust__rosidl_typesupport_introspection_cpp.hpp
[6.515s] -- Up-to-date: /home/aimane/humble_ws/src/VNAV_23/vnav_ws/install/mav_msgs/include/mav_msgs/mav_msgs/msg/detail/gps_waypoint__rosidl_typesupport_introspection_cpp.hpp
[6.515s] -- Up-to-date: /home/aimane/humble_ws/src/VNAV_23/vnav_ws/install/mav_msgs/include/mav_msgs/mav_msgs/msg/detail/roll_pitch_yawrate_thrust__rosidl_typesupport_introspection_cpp.hpp
[6.515s] -- Up-to-date: /home/aimane/humble_ws/src/VNAV_23/vnav_ws/install/mav_msgs/include/mav_msgs/mav_msgs/msg/detail/filtered_sensor_data__type_support.cpp
[6.518s] -- Up-to-date: /home/aimane/humble_ws/src/VNAV_23/vnav_ws/install/mav_msgs/include/mav_msgs/mav_msgs/msg/detail/attitude_thrust__rosidl_typesupport_introspection_cpp.hpp
[6.519s] -- Up-to-date: /home/aimane/humble_ws/src/VNAV_23/vnav_ws/install/mav_msgs/include/mav_msgs/mav_msgs/msg/detail/actuators__rosidl_typesupport_introspection_cpp.hpp
[6.520s] -- Up-to-date: /home/aimane/humble_ws/src/VNAV_23/vnav_ws/install/mav_msgs/include/mav_msgs/mav_msgs/msg/detail/actuators__type_support.cpp
[6.520s] -- Up-to-date: /home/aimane/humble_ws/src/VNAV_23/vnav_ws/install/mav_msgs/include/mav_msgs/mav_msgs/msg/detail/torque_thrust__rosidl_typesupport_introspection_cpp.hpp
[6.522s] -- Up-to-date: /home/aimane/humble_ws/src/VNAV_23/vnav_ws/install/mav_msgs/include/mav_msgs/mav_msgs/msg/detail/torque_thrust__type_support.cpp
[6.522s] -- Up-to-date: /home/aimane/humble_ws/src/VNAV_23/vnav_ws/install/mav_msgs/include/mav_msgs/mav_msgs/msg/detail/roll_pitch_yawrate_thrust__type_support.cpp
[6.561s] -- Up-to-date: /home/aimane/humble_ws/src/VNAV_23/vnav_ws/install/mav_msgs/lib/libmav_msgs__rosidl_typesupport_introspection_cpp.so
[6.577s] -- Up-to-date: /home/aimane/humble_ws/src/VNAV_23/vnav_ws/install/mav_msgs/lib/libmav_msgs__rosidl_typesupport_cpp.so
[6.579s] -- Up-to-date: /home/aimane/humble_ws/src/VNAV_23/vnav_ws/install/mav_msgs/share/mav_msgs/environment/pythonpath.sh
[6.579s] -- Up-to-date: /home/aimane/humble_ws/src/VNAV_23/vnav_ws/install/mav_msgs/share/mav_msgs/environment/pythonpath.dsv
[6.580s] -- Up-to-date: /home/aimane/humble_ws/src/VNAV_23/vnav_ws/install/mav_msgs/local/lib/python3.10/dist-packages/mav_msgs-3.3.3-py3.10.egg-info
[6.580s] -- Installing: /home/aimane/humble_ws/src/VNAV_23/vnav_ws/install/mav_msgs/local/lib/python3.10/dist-packages/mav_msgs-3.3.3-py3.10.egg-info/SOURCES.txt
[6.580s] -- Installing: /home/aimane/humble_ws/src/VNAV_23/vnav_ws/install/mav_msgs/local/lib/python3.10/dist-packages/mav_msgs-3.3.3-py3.10.egg-info/top_level.txt
[6.586s] -- Installing: /home/aimane/humble_ws/src/VNAV_23/vnav_ws/install/mav_msgs/local/lib/python3.10/dist-packages/mav_msgs-3.3.3-py3.10.egg-info/PKG-INFO
[6.587s] -- Installing: /home/aimane/humble_ws/src/VNAV_23/vnav_ws/install/mav_msgs/local/lib/python3.10/dist-packages/mav_msgs-3.3.3-py3.10.egg-info/dependency_links.txt
[6.593s] -- Up-to-date: /home/aimane/humble_ws/src/VNAV_23/vnav_ws/install/mav_msgs/local/lib/python3.10/dist-packages/mav_msgs
[6.593s] -- Up-to-date: /home/aimane/humble_ws/src/VNAV_23/vnav_ws/install/mav_msgs/local/lib/python3.10/dist-packages/mav_msgs/_mav_msgs_s.ep.rosidl_typesupport_c.c
[6.593s] -- Up-to-date: /home/aimane/humble_ws/src/VNAV_23/vnav_ws/install/mav_msgs/local/lib/python3.10/dist-packages/mav_msgs/libmav_msgs__rosidl_generator_py.so
[6.594s] -- Up-to-date: /home/aimane/humble_ws/src/VNAV_23/vnav_ws/install/mav_msgs/local/lib/python3.10/dist-packages/mav_msgs/_mav_msgs_s.ep.rosidl_typesupport_introspection_c.c
[6.594s] -- Up-to-date: /home/aimane/humble_ws/src/VNAV_23/vnav_ws/install/mav_msgs/local/lib/python3.10/dist-packages/mav_msgs/_mav_msgs_s.ep.rosidl_typesupport_fastrtps_c.c
[6.594s] -- Up-to-date: /home/aimane/humble_ws/src/VNAV_23/vnav_ws/install/mav_msgs/local/lib/python3.10/dist-packages/mav_msgs/msg
[6.594s] -- Up-to-date: /home/aimane/humble_ws/src/VNAV_23/vnav_ws/install/mav_msgs/local/lib/python3.10/dist-packages/mav_msgs/msg/_actuators_s.c
[6.594s] -- Up-to-date: /home/aimane/humble_ws/src/VNAV_23/vnav_ws/install/mav_msgs/local/lib/python3.10/dist-packages/mav_msgs/msg/_actuators.py
[6.594s] -- Up-to-date: /home/aimane/humble_ws/src/VNAV_23/vnav_ws/install/mav_msgs/local/lib/python3.10/dist-packages/mav_msgs/msg/_attitude_thrust_s.c
[6.594s] -- Up-to-date: /home/aimane/humble_ws/src/VNAV_23/vnav_ws/install/mav_msgs/local/lib/python3.10/dist-packages/mav_msgs/msg/_gps_waypoint_s.c
[6.595s] -- Up-to-date: /home/aimane/humble_ws/src/VNAV_23/vnav_ws/install/mav_msgs/local/lib/python3.10/dist-packages/mav_msgs/msg/_rate_thrust.py
[6.595s] -- Up-to-date: /home/aimane/humble_ws/src/VNAV_23/vnav_ws/install/mav_msgs/local/lib/python3.10/dist-packages/mav_msgs/msg/_torque_thrust.py
[6.595s] -- Up-to-date: /home/aimane/humble_ws/src/VNAV_23/vnav_ws/install/mav_msgs/local/lib/python3.10/dist-packages/mav_msgs/msg/_roll_pitch_yawrate_thrust_s.c
[6.595s] -- Up-to-date: /home/aimane/humble_ws/src/VNAV_23/vnav_ws/install/mav_msgs/local/lib/python3.10/dist-packages/mav_msgs/msg/_status.py
[6.595s] -- Up-to-date: /home/aimane/humble_ws/src/VNAV_23/vnav_ws/install/mav_msgs/local/lib/python3.10/dist-packages/mav_msgs/msg/_gps_waypoint.py
[6.595s] -- Up-to-date: /home/aimane/humble_ws/src/VNAV_23/vnav_ws/install/mav_msgs/local/lib/python3.10/dist-packages/mav_msgs/msg/_roll_pitch_yawrate_thrust.py
[6.595s] -- Up-to-date: /home/aimane/humble_ws/src/VNAV_23/vnav_ws/install/mav_msgs/local/lib/python3.10/dist-packages/mav_msgs/msg/_status_s.c
[6.596s] -- Up-to-date: /home/aimane/humble_ws/src/VNAV_23/vnav_ws/install/mav_msgs/local/lib/python3.10/dist-packages/mav_msgs/msg/__init__.py
[6.596s] -- Up-to-date: /home/aimane/humble_ws/src/VNAV_23/vnav_ws/install/mav_msgs/local/lib/python3.10/dist-packages/mav_msgs/msg/_filtered_sensor_data_s.c
[6.597s] -- Up-to-date: /home/aimane/humble_ws/src/VNAV_23/vnav_ws/install/mav_msgs/local/lib/python3.10/dist-packages/mav_msgs/msg/_rate_thrust_s.c
[6.598s] -- Up-to-date: /home/aimane/humble_ws/src/VNAV_23/vnav_ws/install/mav_msgs/local/lib/python3.10/dist-packages/mav_msgs/msg/_filtered_sensor_data.py
[6.598s] -- Up-to-date: /home/aimane/humble_ws/src/VNAV_23/vnav_ws/install/mav_msgs/local/lib/python3.10/dist-packages/mav_msgs/msg/_torque_thrust_s.c
[6.599s] -- Up-to-date: /home/aimane/humble_ws/src/VNAV_23/vnav_ws/install/mav_msgs/local/lib/python3.10/dist-packages/mav_msgs/msg/_attitude_thrust.py
[6.600s] -- Up-to-date: /home/aimane/humble_ws/src/VNAV_23/vnav_ws/install/mav_msgs/local/lib/python3.10/dist-packages/mav_msgs/__init__.py
[6.600s] -- Up-to-date: /home/aimane/humble_ws/src/VNAV_23/vnav_ws/install/mav_msgs/local/lib/python3.10/dist-packages/mav_msgs/mav_msgs_s__rosidl_typesupport_fastrtps_c.cpython-310-x86_64-linux-gnu.so
[6.600s] -- Up-to-date: /home/aimane/humble_ws/src/VNAV_23/vnav_ws/install/mav_msgs/local/lib/python3.10/dist-packages/mav_msgs/mav_msgs_s__rosidl_typesupport_introspection_c.cpython-310-x86_64-linux-gnu.so
[6.600s] -- Up-to-date: /home/aimane/humble_ws/src/VNAV_23/vnav_ws/install/mav_msgs/local/lib/python3.10/dist-packages/mav_msgs/mav_msgs_s__rosidl_typesupport_c.cpython-310-x86_64-linux-gnu.so
[6.858s] Listing '/home/aimane/humble_ws/src/VNAV_23/vnav_ws/install/mav_msgs/local/lib/python3.10/dist-packages/mav_msgs'...
[6.859s] Listing '/home/aimane/humble_ws/src/VNAV_23/vnav_ws/install/mav_msgs/local/lib/python3.10/dist-packages/mav_msgs/msg'...
[6.895s] -- Up-to-date: /home/aimane/humble_ws/src/VNAV_23/vnav_ws/install/mav_msgs/local/lib/python3.10/dist-packages/mav_msgs/mav_msgs_s__rosidl_typesupport_fastrtps_c.cpython-310-x86_64-linux-gnu.so
[6.899s] -- Up-to-date: /home/aimane/humble_ws/src/VNAV_23/vnav_ws/install/mav_msgs/local/lib/python3.10/dist-packages/mav_msgs/mav_msgs_s__rosidl_typesupport_introspection_c.cpython-310-x86_64-linux-gnu.so
[6.901s] -- Up-to-date: /home/aimane/humble_ws/src/VNAV_23/vnav_ws/install/mav_msgs/local/lib/python3.10/dist-packages/mav_msgs/mav_msgs_s__rosidl_typesupport_c.cpython-310-x86_64-linux-gnu.so
[6.960s] -- Up-to-date: /home/aimane/humble_ws/src/VNAV_23/vnav_ws/install/mav_msgs/lib/libmav_msgs__rosidl_generator_py.so
[6.961s] -- Up-to-date: /home/aimane/humble_ws/src/VNAV_23/vnav_ws/install/mav_msgs/share/mav_msgs/msg/Actuators.idl
[6.962s] -- Up-to-date: /home/aimane/humble_ws/src/VNAV_23/vnav_ws/install/mav_msgs/share/mav_msgs/msg/AttitudeThrust.idl
[6.963s] -- Up-to-date: /home/aimane/humble_ws/src/VNAV_23/vnav_ws/install/mav_msgs/share/mav_msgs/msg/FilteredSensorData.idl
[6.964s] -- Up-to-date: /home/aimane/humble_ws/src/VNAV_23/vnav_ws/install/mav_msgs/share/mav_msgs/msg/GpsWaypoint.idl
[6.965s] -- Up-to-date: /home/aimane/humble_ws/src/VNAV_23/vnav_ws/install/mav_msgs/share/mav_msgs/msg/RateThrust.idl
[6.965s] -- Up-to-date: /home/aimane/humble_ws/src/VNAV_23/vnav_ws/install/mav_msgs/share/mav_msgs/msg/RollPitchYawrateThrust.idl
[6.965s] -- Up-to-date: /home/aimane/humble_ws/src/VNAV_23/vnav_ws/install/mav_msgs/share/mav_msgs/msg/Status.idl
[6.965s] -- Up-to-date: /home/aimane/humble_ws/src/VNAV_23/vnav_ws/install/mav_msgs/share/mav_msgs/msg/TorqueThrust.idl
[6.965s] -- Up-to-date: /home/aimane/humble_ws/src/VNAV_23/vnav_ws/install/mav_msgs/share/mav_msgs/msg/Actuators.msg
[6.966s] -- Up-to-date: /home/aimane/humble_ws/src/VNAV_23/vnav_ws/install/mav_msgs/share/mav_msgs/msg/AttitudeThrust.msg
[6.966s] -- Up-to-date: /home/aimane/humble_ws/src/VNAV_23/vnav_ws/install/mav_msgs/share/mav_msgs/msg/FilteredSensorData.msg
[6.967s] -- Up-to-date: /home/aimane/humble_ws/src/VNAV_23/vnav_ws/install/mav_msgs/share/mav_msgs/msg/GpsWaypoint.msg
[6.967s] -- Up-to-date: /home/aimane/humble_ws/src/VNAV_23/vnav_ws/install/mav_msgs/share/mav_msgs/msg/RateThrust.msg
[6.967s] -- Up-to-date: /home/aimane/humble_ws/src/VNAV_23/vnav_ws/install/mav_msgs/share/mav_msgs/msg/RollPitchYawrateThrust.msg
[6.967s] -- Up-to-date: /home/aimane/humble_ws/src/VNAV_23/vnav_ws/install/mav_msgs/share/mav_msgs/msg/Status.msg
[6.968s] -- Up-to-date: /home/aimane/humble_ws/src/VNAV_23/vnav_ws/install/mav_msgs/share/mav_msgs/msg/TorqueThrust.msg
[6.968s] -- Up-to-date: /home/aimane/humble_ws/src/VNAV_23/vnav_ws/install/mav_msgs/include/mav_msgs
[6.968s] -- Up-to-date: /home/aimane/humble_ws/src/VNAV_23/vnav_ws/install/mav_msgs/include/mav_msgs/default_topics.hpp
[6.968s] -- Up-to-date: /home/aimane/humble_ws/src/VNAV_23/vnav_ws/install/mav_msgs/include/mav_msgs/conversions.hpp
[6.970s] -- Up-to-date: /home/aimane/humble_ws/src/VNAV_23/vnav_ws/install/mav_msgs/include/mav_msgs/common.hpp
[6.970s] -- Up-to-date: /home/aimane/humble_ws/src/VNAV_23/vnav_ws/install/mav_msgs/include/mav_msgs/default_values.hpp
[6.971s] -- Up-to-date: /home/aimane/humble_ws/src/VNAV_23/vnav_ws/install/mav_msgs/include/mav_msgs/eigen_mav_msgs.hpp
[6.971s] -- Up-to-date: /home/aimane/humble_ws/src/VNAV_23/vnav_ws/install/mav_msgs/share/ament_index/resource_index/package_run_dependencies/mav_msgs
[6.972s] -- Up-to-date: /home/aimane/humble_ws/src/VNAV_23/vnav_ws/install/mav_msgs/share/ament_index/resource_index/parent_prefix_path/mav_msgs
[6.972s] -- Up-to-date: /home/aimane/humble_ws/src/VNAV_23/vnav_ws/install/mav_msgs/share/mav_msgs/environment/ament_prefix_path.sh
[6.972s] -- Up-to-date: /home/aimane/humble_ws/src/VNAV_23/vnav_ws/install/mav_msgs/share/mav_msgs/environment/ament_prefix_path.dsv
[6.972s] -- Up-to-date: /home/aimane/humble_ws/src/VNAV_23/vnav_ws/install/mav_msgs/share/mav_msgs/environment/path.sh
[6.972s] -- Up-to-date: /home/aimane/humble_ws/src/VNAV_23/vnav_ws/install/mav_msgs/share/mav_msgs/environment/path.dsv
[6.973s] -- Up-to-date: /home/aimane/humble_ws/src/VNAV_23/vnav_ws/install/mav_msgs/share/mav_msgs/local_setup.bash
[6.974s] -- Up-to-date: /home/aimane/humble_ws/src/VNAV_23/vnav_ws/install/mav_msgs/share/mav_msgs/local_setup.sh
[6.974s] -- Up-to-date: /home/aimane/humble_ws/src/VNAV_23/vnav_ws/install/mav_msgs/share/mav_msgs/local_setup.zsh
[6.974s] -- Up-to-date: /home/aimane/humble_ws/src/VNAV_23/vnav_ws/install/mav_msgs/share/mav_msgs/local_setup.dsv
[6.974s] -- Installing: /home/aimane/humble_ws/src/VNAV_23/vnav_ws/install/mav_msgs/share/mav_msgs/package.dsv
[6.975s] -- Up-to-date: /home/aimane/humble_ws/src/VNAV_23/vnav_ws/install/mav_msgs/share/ament_index/resource_index/packages/mav_msgs
[7.024s] -- Up-to-date: /home/aimane/humble_ws/src/VNAV_23/vnav_ws/install/mav_msgs/share/mav_msgs/cmake/export_mav_msgs__rosidl_generator_cExport.cmake
[7.025s] -- Up-to-date: /home/aimane/humble_ws/src/VNAV_23/vnav_ws/install/mav_msgs/share/mav_msgs/cmake/export_mav_msgs__rosidl_generator_cExport-noconfig.cmake
[7.033s] -- Up-to-date: /home/aimane/humble_ws/src/VNAV_23/vnav_ws/install/mav_msgs/share/mav_msgs/cmake/export_mav_msgs__rosidl_typesupport_fastrtps_cExport.cmake
[7.033s] -- Up-to-date: /home/aimane/humble_ws/src/VNAV_23/vnav_ws/install/mav_msgs/share/mav_msgs/cmake/export_mav_msgs__rosidl_typesupport_fastrtps_cExport-noconfig.cmake
[7.037s] -- Up-to-date: /home/aimane/humble_ws/src/VNAV_23/vnav_ws/install/mav_msgs/share/mav_msgs/cmake/mav_msgs__rosidl_typesupport_introspection_cExport.cmake
[7.037s] -- Up-to-date: /home/aimane/humble_ws/src/VNAV_23/vnav_ws/install/mav_msgs/share/mav_msgs/cmake/mav_msgs__rosidl_typesupport_introspection_cExport-noconfig.cmake
[7.037s] -- Up-to-date: /home/aimane/humble_ws/src/VNAV_23/vnav_ws/install/mav_msgs/share/mav_msgs/cmake/mav_msgs__rosidl_typesupport_cExport.cmake
[7.037s] -- Up-to-date: /home/aimane/humble_ws/src/VNAV_23/vnav_ws/install/mav_msgs/share/mav_msgs/cmake/mav_msgs__rosidl_typesupport_cExport-noconfig.cmake
[7.037s] -- Up-to-date: /home/aimane/humble_ws/src/VNAV_23/vnav_ws/install/mav_msgs/share/mav_msgs/cmake/export_mav_msgs__rosidl_generator_cppExport.cmake
[7.038s] -- Up-to-date: /home/aimane/humble_ws/src/VNAV_23/vnav_ws/install/mav_msgs/share/mav_msgs/cmake/export_mav_msgs__rosidl_typesupport_fastrtps_cppExport.cmake
[7.038s] -- Up-to-date: /home/aimane/humble_ws/src/VNAV_23/vnav_ws/install/mav_msgs/share/mav_msgs/cmake/export_mav_msgs__rosidl_typesupport_fastrtps_cppExport-noconfig.cmake
[7.039s] -- Up-to-date: /home/aimane/humble_ws/src/VNAV_23/vnav_ws/install/mav_msgs/share/mav_msgs/cmake/mav_msgs__rosidl_typesupport_introspection_cppExport.cmake
[7.039s] -- Up-to-date: /home/aimane/humble_ws/src/VNAV_23/vnav_ws/install/mav_msgs/share/mav_msgs/cmake/mav_msgs__rosidl_typesupport_introspection_cppExport-noconfig.cmake
[7.039s] -- Up-to-date: /home/aimane/humble_ws/src/VNAV_23/vnav_ws/install/mav_msgs/share/mav_msgs/cmake/mav_msgs__rosidl_typesupport_cppExport.cmake
[7.040s] -- Up-to-date: /home/aimane/humble_ws/src/VNAV_23/vnav_ws/install/mav_msgs/share/mav_msgs/cmake/mav_msgs__rosidl_typesupport_cppExport-noconfig.cmake
[7.042s] -- Up-to-date: /home/aimane/humble_ws/src/VNAV_23/vnav_ws/install/mav_msgs/share/mav_msgs/cmake/export_mav_msgs__rosidl_generator_pyExport.cmake
[7.042s] -- Up-to-date: /home/aimane/humble_ws/src/VNAV_23/vnav_ws/install/mav_msgs/share/mav_msgs/cmake/export_mav_msgs__rosidl_generator_pyExport-noconfig.cmake
[7.042s] -- Up-to-date: /home/aimane/humble_ws/src/VNAV_23/vnav_ws/install/mav_msgs/share/mav_msgs/cmake/rosidl_cmake-extras.cmake
[7.042s] -- Up-to-date: /home/aimane/humble_ws/src/VNAV_23/vnav_ws/install/mav_msgs/share/mav_msgs/cmake/ament_cmake_export_dependencies-extras.cmake
[7.046s] -- Up-to-date: /home/aimane/humble_ws/src/VNAV_23/vnav_ws/install/mav_msgs/share/mav_msgs/cmake/ament_cmake_export_include_directories-extras.cmake
[7.046s] -- Up-to-date: /home/aimane/humble_ws/src/VNAV_23/vnav_ws/install/mav_msgs/share/mav_msgs/cmake/ament_cmake_export_libraries-extras.cmake
[7.046s] -- Up-to-date: /home/aimane/humble_ws/src/VNAV_23/vnav_ws/install/mav_msgs/share/mav_msgs/cmake/ament_cmake_export_targets-extras.cmake
[7.046s] -- Up-to-date: /home/aimane/humble_ws/src/VNAV_23/vnav_ws/install/mav_msgs/share/mav_msgs/cmake/rosidl_cmake_export_typesupport_targets-extras.cmake
[7.047s] -- Up-to-date: /home/aimane/humble_ws/src/VNAV_23/vnav_ws/install/mav_msgs/share/mav_msgs/cmake/rosidl_cmake_export_typesupport_libraries-extras.cmake
[7.047s] -- Up-to-date: /home/aimane/humble_ws/src/VNAV_23/vnav_ws/install/mav_msgs/share/mav_msgs/cmake/mav_msgsConfig.cmake
[7.047s] -- Up-to-date: /home/aimane/humble_ws/src/VNAV_23/vnav_ws/install/mav_msgs/share/mav_msgs/cmake/mav_msgsConfig-version.cmake
[7.047s] -- Up-to-date: /home/aimane/humble_ws/src/VNAV_23/vnav_ws/install/mav_msgs/share/mav_msgs/package.xml
[7.059s] Invoked command in '/home/aimane/humble_ws/src/VNAV_23/vnav_ws/build/mav_msgs' returned '0': CMAKE_PREFIX_PATH=${CMAKE_PREFIX_PATH}:/home/aimane/humble_ws/src/VNAV_23/vnav_ws/install/tesse_ros_bridge:/opt/ros/humble /usr/bin/cmake --install /home/aimane/humble_ws/src/VNAV_23/vnav_ws/build/mav_msgs
