[0.422s] Invoking command in '/home/aimane/humble_ws/src/VNAV_23/vnav_ws/build/tesse_msgs': CMAKE_PREFIX_PATH=/opt/ros/humble /usr/bin/cmake --build /home/aimane/humble_ws/src/VNAV_23/vnav_ws/build/tesse_msgs -- -j8 -l8
[1.687s] [  1%] Built target tesse_msgs__cpp
[2.667s] [  1%] Built target ament_cmake_python_copy_tesse_msgs
[2.704s] [ 12%] Built target tesse_msgs__rosidl_typesupport_introspection_cpp
[2.710s] [ 23%] Built target tesse_msgs__rosidl_generator_c
[2.714s] [ 34%] Built target tesse_msgs__rosidl_typesupport_fastrtps_cpp
[2.715s] [ 45%] Built target tesse_msgs__rosidl_typesupport_cpp
[2.839s] [ 56%] Built target tesse_msgs__rosidl_typesupport_c
[2.840s] [ 67%] Built target tesse_msgs__rosidl_typesupport_introspection_c
[2.910s] [ 78%] Built target tesse_msgs__rosidl_typesupport_fastrtps_c
[2.935s] [ 78%] Built target tesse_msgs
[2.961s] [ 80%] Built target tesse_msgs__py
[2.998s] running egg_info
[2.999s] writing tesse_msgs.egg-info/PKG-INFO
[2.999s] writing dependency_links to tesse_msgs.egg-info/dependency_links.txt
[2.999s] writing top-level names to tesse_msgs.egg-info/top_level.txt
[3.002s] reading manifest file 'tesse_msgs.egg-info/SOURCES.txt'
[3.013s] writing manifest file 'tesse_msgs.egg-info/SOURCES.txt'
[3.048s] [ 80%] Built target ament_cmake_python_build_tesse_msgs_egg
[3.135s] [ 89%] Built target tesse_msgs__rosidl_generator_py
[3.165s] [ 96%] Built target tesse_msgs__rosidl_typesupport_fastrtps_c__pyext
[3.165s] [ 96%] Built target tesse_msgs__rosidl_typesupport_c__pyext
[3.229s] [100%] Built target tesse_msgs__rosidl_typesupport_introspection_c__pyext
[3.241s] Invoked command in '/home/aimane/humble_ws/src/VNAV_23/vnav_ws/build/tesse_msgs' returned '0': CMAKE_PREFIX_PATH=/opt/ros/humble /usr/bin/cmake --build /home/aimane/humble_ws/src/VNAV_23/vnav_ws/build/tesse_msgs -- -j8 -l8
[3.244s] Invoking command in '/home/aimane/humble_ws/src/VNAV_23/vnav_ws/build/tesse_msgs': CMAKE_PREFIX_PATH=/opt/ros/humble /usr/bin/cmake --install /home/aimane/humble_ws/src/VNAV_23/vnav_ws/build/tesse_msgs
[3.252s] -- Install configuration: ""
[3.253s] -- Up-to-date: /home/aimane/humble_ws/src/VNAV_23/vnav_ws/install/tesse_msgs/share/ament_index/resource_index/rosidl_interfaces/tesse_msgs
[3.253s] -- Up-to-date: /home/aimane/humble_ws/src/VNAV_23/vnav_ws/install/tesse_msgs/include/tesse_msgs/tesse_msgs
[3.253s] -- Up-to-date: /home/aimane/humble_ws/src/VNAV_23/vnav_ws/install/tesse_msgs/include/tesse_msgs/tesse_msgs/msg
[3.253s] -- Up-to-date: /home/aimane/humble_ws/src/VNAV_23/vnav_ws/install/tesse_msgs/include/tesse_msgs/tesse_msgs/msg/detail
[3.253s] -- Up-to-date: /home/aimane/humble_ws/src/VNAV_23/vnav_ws/install/tesse_msgs/include/tesse_msgs/tesse_msgs/msg/detail/collision_stats__type_support.h
[3.253s] -- Up-to-date: /home/aimane/humble_ws/src/VNAV_23/vnav_ws/install/tesse_msgs/include/tesse_msgs/tesse_msgs/msg/detail/collision_stats__functions.h
[3.254s] -- Up-to-date: /home/aimane/humble_ws/src/VNAV_23/vnav_ws/install/tesse_msgs/include/tesse_msgs/tesse_msgs/msg/detail/collision_stats__functions.c
[3.254s] -- Up-to-date: /home/aimane/humble_ws/src/VNAV_23/vnav_ws/install/tesse_msgs/include/tesse_msgs/tesse_msgs/msg/detail/collision_stats__struct.h
[3.254s] -- Up-to-date: /home/aimane/humble_ws/src/VNAV_23/vnav_ws/install/tesse_msgs/include/tesse_msgs/tesse_msgs/msg/collision_stats.h
[3.254s] -- Up-to-date: /home/aimane/humble_ws/src/VNAV_23/vnav_ws/install/tesse_msgs/include/tesse_msgs/tesse_msgs/msg/rosidl_generator_c__visibility_control.h
[3.254s] -- Up-to-date: /home/aimane/humble_ws/src/VNAV_23/vnav_ws/install/tesse_msgs/include/tesse_msgs/tesse_msgs/srv
[3.254s] -- Up-to-date: /home/aimane/humble_ws/src/VNAV_23/vnav_ws/install/tesse_msgs/include/tesse_msgs/tesse_msgs/srv/reposition_request_service.h
[3.255s] -- Up-to-date: /home/aimane/humble_ws/src/VNAV_23/vnav_ws/install/tesse_msgs/include/tesse_msgs/tesse_msgs/srv/detail
[3.255s] -- Up-to-date: /home/aimane/humble_ws/src/VNAV_23/vnav_ws/install/tesse_msgs/include/tesse_msgs/tesse_msgs/srv/detail/scene_request_service__type_support.h
[3.255s] -- Up-to-date: /home/aimane/humble_ws/src/VNAV_23/vnav_ws/install/tesse_msgs/include/tesse_msgs/tesse_msgs/srv/detail/reposition_request_service__functions.h
[3.255s] -- Up-to-date: /home/aimane/humble_ws/src/VNAV_23/vnav_ws/install/tesse_msgs/include/tesse_msgs/tesse_msgs/srv/detail/object_spawn_request_service__functions.c
[3.255s] -- Up-to-date: /home/aimane/humble_ws/src/VNAV_23/vnav_ws/install/tesse_msgs/include/tesse_msgs/tesse_msgs/srv/detail/object_spawn_request_service__type_support.h
[3.255s] -- Up-to-date: /home/aimane/humble_ws/src/VNAV_23/vnav_ws/install/tesse_msgs/include/tesse_msgs/tesse_msgs/srv/detail/reposition_request_service__functions.c
[3.255s] -- Up-to-date: /home/aimane/humble_ws/src/VNAV_23/vnav_ws/install/tesse_msgs/include/tesse_msgs/tesse_msgs/srv/detail/scene_request_service__functions.h
[3.255s] -- Up-to-date: /home/aimane/humble_ws/src/VNAV_23/vnav_ws/install/tesse_msgs/include/tesse_msgs/tesse_msgs/srv/detail/scene_request_service__functions.c
[3.256s] -- Up-to-date: /home/aimane/humble_ws/src/VNAV_23/vnav_ws/install/tesse_msgs/include/tesse_msgs/tesse_msgs/srv/detail/object_spawn_request_service__struct.h
[3.256s] -- Up-to-date: /home/aimane/humble_ws/src/VNAV_23/vnav_ws/install/tesse_msgs/include/tesse_msgs/tesse_msgs/srv/detail/reposition_request_service__type_support.h
[3.256s] -- Up-to-date: /home/aimane/humble_ws/src/VNAV_23/vnav_ws/install/tesse_msgs/include/tesse_msgs/tesse_msgs/srv/detail/object_spawn_request_service__functions.h
[3.256s] -- Up-to-date: /home/aimane/humble_ws/src/VNAV_23/vnav_ws/install/tesse_msgs/include/tesse_msgs/tesse_msgs/srv/detail/reposition_request_service__struct.h
[3.256s] -- Up-to-date: /home/aimane/humble_ws/src/VNAV_23/vnav_ws/install/tesse_msgs/include/tesse_msgs/tesse_msgs/srv/detail/scene_request_service__struct.h
[3.256s] -- Up-to-date: /home/aimane/humble_ws/src/VNAV_23/vnav_ws/install/tesse_msgs/include/tesse_msgs/tesse_msgs/srv/object_spawn_request_service.h
[3.257s] -- Up-to-date: /home/aimane/humble_ws/src/VNAV_23/vnav_ws/install/tesse_msgs/include/tesse_msgs/tesse_msgs/srv/scene_request_service.h
[3.257s] -- Up-to-date: /home/aimane/humble_ws/src/VNAV_23/vnav_ws/install/tesse_msgs/share/tesse_msgs/environment/library_path.sh
[3.257s] -- Up-to-date: /home/aimane/humble_ws/src/VNAV_23/vnav_ws/install/tesse_msgs/share/tesse_msgs/environment/library_path.dsv
[3.257s] -- Up-to-date: /home/aimane/humble_ws/src/VNAV_23/vnav_ws/install/tesse_msgs/lib/libtesse_msgs__rosidl_generator_c.so
[3.257s] -- Up-to-date: /home/aimane/humble_ws/src/VNAV_23/vnav_ws/install/tesse_msgs/include/tesse_msgs/tesse_msgs
[3.257s] -- Up-to-date: /home/aimane/humble_ws/src/VNAV_23/vnav_ws/install/tesse_msgs/include/tesse_msgs/tesse_msgs/msg
[3.257s] -- Up-to-date: /home/aimane/humble_ws/src/VNAV_23/vnav_ws/install/tesse_msgs/include/tesse_msgs/tesse_msgs/msg/detail
[3.257s] -- Up-to-date: /home/aimane/humble_ws/src/VNAV_23/vnav_ws/install/tesse_msgs/include/tesse_msgs/tesse_msgs/msg/detail/collision_stats__rosidl_typesupport_fastrtps_c.h
[3.258s] -- Up-to-date: /home/aimane/humble_ws/src/VNAV_23/vnav_ws/install/tesse_msgs/include/tesse_msgs/tesse_msgs/msg/rosidl_typesupport_fastrtps_c__visibility_control.h
[3.258s] -- Up-to-date: /home/aimane/humble_ws/src/VNAV_23/vnav_ws/install/tesse_msgs/include/tesse_msgs/tesse_msgs/srv
[3.258s] -- Up-to-date: /home/aimane/humble_ws/src/VNAV_23/vnav_ws/install/tesse_msgs/include/tesse_msgs/tesse_msgs/srv/detail
[3.258s] -- Up-to-date: /home/aimane/humble_ws/src/VNAV_23/vnav_ws/install/tesse_msgs/include/tesse_msgs/tesse_msgs/srv/detail/object_spawn_request_service__rosidl_typesupport_fastrtps_c.h
[3.258s] -- Up-to-date: /home/aimane/humble_ws/src/VNAV_23/vnav_ws/install/tesse_msgs/include/tesse_msgs/tesse_msgs/srv/detail/reposition_request_service__rosidl_typesupport_fastrtps_c.h
[3.258s] -- Up-to-date: /home/aimane/humble_ws/src/VNAV_23/vnav_ws/install/tesse_msgs/include/tesse_msgs/tesse_msgs/srv/detail/scene_request_service__rosidl_typesupport_fastrtps_c.h
[3.259s] -- Up-to-date: /home/aimane/humble_ws/src/VNAV_23/vnav_ws/install/tesse_msgs/lib/libtesse_msgs__rosidl_typesupport_fastrtps_c.so
[3.259s] -- Up-to-date: /home/aimane/humble_ws/src/VNAV_23/vnav_ws/install/tesse_msgs/include/tesse_msgs/tesse_msgs
[3.259s] -- Up-to-date: /home/aimane/humble_ws/src/VNAV_23/vnav_ws/install/tesse_msgs/include/tesse_msgs/tesse_msgs/msg
[3.259s] -- Up-to-date: /home/aimane/humble_ws/src/VNAV_23/vnav_ws/install/tesse_msgs/include/tesse_msgs/tesse_msgs/msg/collision_stats.hpp
[3.259s] -- Up-to-date: /home/aimane/humble_ws/src/VNAV_23/vnav_ws/install/tesse_msgs/include/tesse_msgs/tesse_msgs/msg/detail
[3.260s] -- Up-to-date: /home/aimane/humble_ws/src/VNAV_23/vnav_ws/install/tesse_msgs/include/tesse_msgs/tesse_msgs/msg/detail/collision_stats__builder.hpp
[3.260s] -- Up-to-date: /home/aimane/humble_ws/src/VNAV_23/vnav_ws/install/tesse_msgs/include/tesse_msgs/tesse_msgs/msg/detail/collision_stats__struct.hpp
[3.260s] -- Up-to-date: /home/aimane/humble_ws/src/VNAV_23/vnav_ws/install/tesse_msgs/include/tesse_msgs/tesse_msgs/msg/detail/collision_stats__type_support.hpp
[3.260s] -- Up-to-date: /home/aimane/humble_ws/src/VNAV_23/vnav_ws/install/tesse_msgs/include/tesse_msgs/tesse_msgs/msg/detail/collision_stats__traits.hpp
[3.260s] -- Up-to-date: /home/aimane/humble_ws/src/VNAV_23/vnav_ws/install/tesse_msgs/include/tesse_msgs/tesse_msgs/msg/rosidl_generator_cpp__visibility_control.hpp
[3.260s] -- Up-to-date: /home/aimane/humble_ws/src/VNAV_23/vnav_ws/install/tesse_msgs/include/tesse_msgs/tesse_msgs/srv
[3.261s] -- Up-to-date: /home/aimane/humble_ws/src/VNAV_23/vnav_ws/install/tesse_msgs/include/tesse_msgs/tesse_msgs/srv/object_spawn_request_service.hpp
[3.261s] -- Up-to-date: /home/aimane/humble_ws/src/VNAV_23/vnav_ws/install/tesse_msgs/include/tesse_msgs/tesse_msgs/srv/detail
[3.261s] -- Up-to-date: /home/aimane/humble_ws/src/VNAV_23/vnav_ws/install/tesse_msgs/include/tesse_msgs/tesse_msgs/srv/detail/object_spawn_request_service__traits.hpp
[3.261s] -- Up-to-date: /home/aimane/humble_ws/src/VNAV_23/vnav_ws/install/tesse_msgs/include/tesse_msgs/tesse_msgs/srv/detail/scene_request_service__builder.hpp
[3.261s] -- Up-to-date: /home/aimane/humble_ws/src/VNAV_23/vnav_ws/install/tesse_msgs/include/tesse_msgs/tesse_msgs/srv/detail/reposition_request_service__builder.hpp
[3.261s] -- Up-to-date: /home/aimane/humble_ws/src/VNAV_23/vnav_ws/install/tesse_msgs/include/tesse_msgs/tesse_msgs/srv/detail/scene_request_service__struct.hpp
[3.261s] -- Up-to-date: /home/aimane/humble_ws/src/VNAV_23/vnav_ws/install/tesse_msgs/include/tesse_msgs/tesse_msgs/srv/detail/scene_request_service__type_support.hpp
[3.261s] -- Up-to-date: /home/aimane/humble_ws/src/VNAV_23/vnav_ws/install/tesse_msgs/include/tesse_msgs/tesse_msgs/srv/detail/scene_request_service__traits.hpp
[3.261s] -- Up-to-date: /home/aimane/humble_ws/src/VNAV_23/vnav_ws/install/tesse_msgs/include/tesse_msgs/tesse_msgs/srv/detail/reposition_request_service__type_support.hpp
[3.262s] -- Up-to-date: /home/aimane/humble_ws/src/VNAV_23/vnav_ws/install/tesse_msgs/include/tesse_msgs/tesse_msgs/srv/detail/object_spawn_request_service__type_support.hpp
[3.262s] -- Up-to-date: /home/aimane/humble_ws/src/VNAV_23/vnav_ws/install/tesse_msgs/include/tesse_msgs/tesse_msgs/srv/detail/reposition_request_service__traits.hpp
[3.262s] -- Up-to-date: /home/aimane/humble_ws/src/VNAV_23/vnav_ws/install/tesse_msgs/include/tesse_msgs/tesse_msgs/srv/detail/reposition_request_service__struct.hpp
[3.262s] -- Up-to-date: /home/aimane/humble_ws/src/VNAV_23/vnav_ws/install/tesse_msgs/include/tesse_msgs/tesse_msgs/srv/detail/object_spawn_request_service__struct.hpp
[3.262s] -- Up-to-date: /home/aimane/humble_ws/src/VNAV_23/vnav_ws/install/tesse_msgs/include/tesse_msgs/tesse_msgs/srv/detail/object_spawn_request_service__builder.hpp
[3.262s] -- Up-to-date: /home/aimane/humble_ws/src/VNAV_23/vnav_ws/install/tesse_msgs/include/tesse_msgs/tesse_msgs/srv/scene_request_service.hpp
[3.262s] -- Up-to-date: /home/aimane/humble_ws/src/VNAV_23/vnav_ws/install/tesse_msgs/include/tesse_msgs/tesse_msgs/srv/reposition_request_service.hpp
[3.262s] -- Up-to-date: /home/aimane/humble_ws/src/VNAV_23/vnav_ws/install/tesse_msgs/include/tesse_msgs/tesse_msgs
[3.262s] -- Up-to-date: /home/aimane/humble_ws/src/VNAV_23/vnav_ws/install/tesse_msgs/include/tesse_msgs/tesse_msgs/msg
[3.262s] -- Up-to-date: /home/aimane/humble_ws/src/VNAV_23/vnav_ws/install/tesse_msgs/include/tesse_msgs/tesse_msgs/msg/detail
[3.263s] -- Up-to-date: /home/aimane/humble_ws/src/VNAV_23/vnav_ws/install/tesse_msgs/include/tesse_msgs/tesse_msgs/msg/detail/dds_fastrtps
[3.263s] -- Up-to-date: /home/aimane/humble_ws/src/VNAV_23/vnav_ws/install/tesse_msgs/include/tesse_msgs/tesse_msgs/msg/detail/collision_stats__rosidl_typesupport_fastrtps_cpp.hpp
[3.263s] -- Up-to-date: /home/aimane/humble_ws/src/VNAV_23/vnav_ws/install/tesse_msgs/include/tesse_msgs/tesse_msgs/msg/rosidl_typesupport_fastrtps_cpp__visibility_control.h
[3.263s] -- Up-to-date: /home/aimane/humble_ws/src/VNAV_23/vnav_ws/install/tesse_msgs/include/tesse_msgs/tesse_msgs/srv
[3.263s] -- Up-to-date: /home/aimane/humble_ws/src/VNAV_23/vnav_ws/install/tesse_msgs/include/tesse_msgs/tesse_msgs/srv/detail
[3.263s] -- Up-to-date: /home/aimane/humble_ws/src/VNAV_23/vnav_ws/install/tesse_msgs/include/tesse_msgs/tesse_msgs/srv/detail/dds_fastrtps
[3.263s] -- Up-to-date: /home/aimane/humble_ws/src/VNAV_23/vnav_ws/install/tesse_msgs/include/tesse_msgs/tesse_msgs/srv/detail/reposition_request_service__rosidl_typesupport_fastrtps_cpp.hpp
[3.263s] -- Up-to-date: /home/aimane/humble_ws/src/VNAV_23/vnav_ws/install/tesse_msgs/include/tesse_msgs/tesse_msgs/srv/detail/object_spawn_request_service__rosidl_typesupport_fastrtps_cpp.hpp
[3.263s] -- Up-to-date: /home/aimane/humble_ws/src/VNAV_23/vnav_ws/install/tesse_msgs/include/tesse_msgs/tesse_msgs/srv/detail/scene_request_service__rosidl_typesupport_fastrtps_cpp.hpp
[3.330s] -- Up-to-date: /home/aimane/humble_ws/src/VNAV_23/vnav_ws/install/tesse_msgs/lib/libtesse_msgs__rosidl_typesupport_fastrtps_cpp.so
[3.331s] -- Up-to-date: /home/aimane/humble_ws/src/VNAV_23/vnav_ws/install/tesse_msgs/include/tesse_msgs/tesse_msgs
[3.331s] -- Up-to-date: /home/aimane/humble_ws/src/VNAV_23/vnav_ws/install/tesse_msgs/include/tesse_msgs/tesse_msgs/msg
[3.331s] -- Up-to-date: /home/aimane/humble_ws/src/VNAV_23/vnav_ws/install/tesse_msgs/include/tesse_msgs/tesse_msgs/msg/rosidl_typesupport_introspection_c__visibility_control.h
[3.331s] -- Up-to-date: /home/aimane/humble_ws/src/VNAV_23/vnav_ws/install/tesse_msgs/include/tesse_msgs/tesse_msgs/msg/detail
[3.331s] -- Up-to-date: /home/aimane/humble_ws/src/VNAV_23/vnav_ws/install/tesse_msgs/include/tesse_msgs/tesse_msgs/msg/detail/collision_stats__type_support.c
[3.331s] -- Up-to-date: /home/aimane/humble_ws/src/VNAV_23/vnav_ws/install/tesse_msgs/include/tesse_msgs/tesse_msgs/msg/detail/collision_stats__rosidl_typesupport_introspection_c.h
[3.332s] -- Up-to-date: /home/aimane/humble_ws/src/VNAV_23/vnav_ws/install/tesse_msgs/include/tesse_msgs/tesse_msgs/srv
[3.332s] -- Up-to-date: /home/aimane/humble_ws/src/VNAV_23/vnav_ws/install/tesse_msgs/include/tesse_msgs/tesse_msgs/srv/detail
[3.332s] -- Up-to-date: /home/aimane/humble_ws/src/VNAV_23/vnav_ws/install/tesse_msgs/include/tesse_msgs/tesse_msgs/srv/detail/object_spawn_request_service__type_support.c
[3.332s] -- Up-to-date: /home/aimane/humble_ws/src/VNAV_23/vnav_ws/install/tesse_msgs/include/tesse_msgs/tesse_msgs/srv/detail/scene_request_service__type_support.c
[3.332s] -- Up-to-date: /home/aimane/humble_ws/src/VNAV_23/vnav_ws/install/tesse_msgs/include/tesse_msgs/tesse_msgs/srv/detail/scene_request_service__rosidl_typesupport_introspection_c.h
[3.332s] -- Up-to-date: /home/aimane/humble_ws/src/VNAV_23/vnav_ws/install/tesse_msgs/include/tesse_msgs/tesse_msgs/srv/detail/reposition_request_service__rosidl_typesupport_introspection_c.h
[3.332s] -- Up-to-date: /home/aimane/humble_ws/src/VNAV_23/vnav_ws/install/tesse_msgs/include/tesse_msgs/tesse_msgs/srv/detail/object_spawn_request_service__rosidl_typesupport_introspection_c.h
[3.332s] -- Up-to-date: /home/aimane/humble_ws/src/VNAV_23/vnav_ws/install/tesse_msgs/include/tesse_msgs/tesse_msgs/srv/detail/reposition_request_service__type_support.c
[3.361s] -- Up-to-date: /home/aimane/humble_ws/src/VNAV_23/vnav_ws/install/tesse_msgs/lib/libtesse_msgs__rosidl_typesupport_introspection_c.so
[3.368s] -- Up-to-date: /home/aimane/humble_ws/src/VNAV_23/vnav_ws/install/tesse_msgs/lib/libtesse_msgs__rosidl_typesupport_c.so
[3.369s] -- Up-to-date: /home/aimane/humble_ws/src/VNAV_23/vnav_ws/install/tesse_msgs/include/tesse_msgs/tesse_msgs
[3.369s] -- Up-to-date: /home/aimane/humble_ws/src/VNAV_23/vnav_ws/install/tesse_msgs/include/tesse_msgs/tesse_msgs/msg
[3.370s] -- Up-to-date: /home/aimane/humble_ws/src/VNAV_23/vnav_ws/install/tesse_msgs/include/tesse_msgs/tesse_msgs/msg/detail
[3.370s] -- Up-to-date: /home/aimane/humble_ws/src/VNAV_23/vnav_ws/install/tesse_msgs/include/tesse_msgs/tesse_msgs/msg/detail/collision_stats__rosidl_typesupport_introspection_cpp.hpp
[3.370s] -- Up-to-date: /home/aimane/humble_ws/src/VNAV_23/vnav_ws/install/tesse_msgs/include/tesse_msgs/tesse_msgs/msg/detail/collision_stats__type_support.cpp
[3.371s] -- Up-to-date: /home/aimane/humble_ws/src/VNAV_23/vnav_ws/install/tesse_msgs/include/tesse_msgs/tesse_msgs/srv
[3.371s] -- Up-to-date: /home/aimane/humble_ws/src/VNAV_23/vnav_ws/install/tesse_msgs/include/tesse_msgs/tesse_msgs/srv/detail
[3.372s] -- Up-to-date: /home/aimane/humble_ws/src/VNAV_23/vnav_ws/install/tesse_msgs/include/tesse_msgs/tesse_msgs/srv/detail/object_spawn_request_service__type_support.cpp
[3.372s] -- Up-to-date: /home/aimane/humble_ws/src/VNAV_23/vnav_ws/install/tesse_msgs/include/tesse_msgs/tesse_msgs/srv/detail/scene_request_service__rosidl_typesupport_introspection_cpp.hpp
[3.372s] -- Up-to-date: /home/aimane/humble_ws/src/VNAV_23/vnav_ws/install/tesse_msgs/include/tesse_msgs/tesse_msgs/srv/detail/reposition_request_service__rosidl_typesupport_introspection_cpp.hpp
[3.372s] -- Up-to-date: /home/aimane/humble_ws/src/VNAV_23/vnav_ws/install/tesse_msgs/include/tesse_msgs/tesse_msgs/srv/detail/scene_request_service__type_support.cpp
[3.372s] -- Up-to-date: /home/aimane/humble_ws/src/VNAV_23/vnav_ws/install/tesse_msgs/include/tesse_msgs/tesse_msgs/srv/detail/reposition_request_service__type_support.cpp
[3.372s] -- Up-to-date: /home/aimane/humble_ws/src/VNAV_23/vnav_ws/install/tesse_msgs/include/tesse_msgs/tesse_msgs/srv/detail/object_spawn_request_service__rosidl_typesupport_introspection_cpp.hpp
[3.445s] -- Up-to-date: /home/aimane/humble_ws/src/VNAV_23/vnav_ws/install/tesse_msgs/lib/libtesse_msgs__rosidl_typesupport_introspection_cpp.so
[3.447s] -- Up-to-date: /home/aimane/humble_ws/src/VNAV_23/vnav_ws/install/tesse_msgs/lib/libtesse_msgs__rosidl_typesupport_cpp.so
[3.447s] -- Up-to-date: /home/aimane/humble_ws/src/VNAV_23/vnav_ws/install/tesse_msgs/share/tesse_msgs/environment/pythonpath.sh
[3.447s] -- Up-to-date: /home/aimane/humble_ws/src/VNAV_23/vnav_ws/install/tesse_msgs/share/tesse_msgs/environment/pythonpath.dsv
[3.447s] -- Up-to-date: /home/aimane/humble_ws/src/VNAV_23/vnav_ws/install/tesse_msgs/local/lib/python3.10/dist-packages/tesse_msgs-0.0.0-py3.10.egg-info
[3.447s] -- Installing: /home/aimane/humble_ws/src/VNAV_23/vnav_ws/install/tesse_msgs/local/lib/python3.10/dist-packages/tesse_msgs-0.0.0-py3.10.egg-info/SOURCES.txt
[3.447s] -- Installing: /home/aimane/humble_ws/src/VNAV_23/vnav_ws/install/tesse_msgs/local/lib/python3.10/dist-packages/tesse_msgs-0.0.0-py3.10.egg-info/top_level.txt
[3.447s] -- Installing: /home/aimane/humble_ws/src/VNAV_23/vnav_ws/install/tesse_msgs/local/lib/python3.10/dist-packages/tesse_msgs-0.0.0-py3.10.egg-info/PKG-INFO
[3.448s] -- Installing: /home/aimane/humble_ws/src/VNAV_23/vnav_ws/install/tesse_msgs/local/lib/python3.10/dist-packages/tesse_msgs-0.0.0-py3.10.egg-info/dependency_links.txt
[3.448s] -- Up-to-date: /home/aimane/humble_ws/src/VNAV_23/vnav_ws/install/tesse_msgs/local/lib/python3.10/dist-packages/tesse_msgs
[3.448s] -- Up-to-date: /home/aimane/humble_ws/src/VNAV_23/vnav_ws/install/tesse_msgs/local/lib/python3.10/dist-packages/tesse_msgs/libtesse_msgs__rosidl_generator_py.so
[3.448s] -- Up-to-date: /home/aimane/humble_ws/src/VNAV_23/vnav_ws/install/tesse_msgs/local/lib/python3.10/dist-packages/tesse_msgs/tesse_msgs_s__rosidl_typesupport_fastrtps_c.cpython-310-x86_64-linux-gnu.so
[3.448s] -- Up-to-date: /home/aimane/humble_ws/src/VNAV_23/vnav_ws/install/tesse_msgs/local/lib/python3.10/dist-packages/tesse_msgs/_tesse_msgs_s.ep.rosidl_typesupport_c.c
[3.448s] -- Up-to-date: /home/aimane/humble_ws/src/VNAV_23/vnav_ws/install/tesse_msgs/local/lib/python3.10/dist-packages/tesse_msgs/msg
[3.448s] -- Up-to-date: /home/aimane/humble_ws/src/VNAV_23/vnav_ws/install/tesse_msgs/local/lib/python3.10/dist-packages/tesse_msgs/msg/_collision_stats_s.c
[3.448s] -- Up-to-date: /home/aimane/humble_ws/src/VNAV_23/vnav_ws/install/tesse_msgs/local/lib/python3.10/dist-packages/tesse_msgs/msg/__init__.py
[3.449s] -- Up-to-date: /home/aimane/humble_ws/src/VNAV_23/vnav_ws/install/tesse_msgs/local/lib/python3.10/dist-packages/tesse_msgs/msg/_collision_stats.py
[3.449s] -- Up-to-date: /home/aimane/humble_ws/src/VNAV_23/vnav_ws/install/tesse_msgs/local/lib/python3.10/dist-packages/tesse_msgs/_tesse_msgs_s.ep.rosidl_typesupport_fastrtps_c.c
[3.449s] -- Up-to-date: /home/aimane/humble_ws/src/VNAV_23/vnav_ws/install/tesse_msgs/local/lib/python3.10/dist-packages/tesse_msgs/__init__.py
[3.449s] -- Up-to-date: /home/aimane/humble_ws/src/VNAV_23/vnav_ws/install/tesse_msgs/local/lib/python3.10/dist-packages/tesse_msgs/tesse_msgs_s__rosidl_typesupport_c.cpython-310-x86_64-linux-gnu.so
[3.449s] -- Up-to-date: /home/aimane/humble_ws/src/VNAV_23/vnav_ws/install/tesse_msgs/local/lib/python3.10/dist-packages/tesse_msgs/srv
[3.449s] -- Up-to-date: /home/aimane/humble_ws/src/VNAV_23/vnav_ws/install/tesse_msgs/local/lib/python3.10/dist-packages/tesse_msgs/srv/_scene_request_service.py
[3.449s] -- Up-to-date: /home/aimane/humble_ws/src/VNAV_23/vnav_ws/install/tesse_msgs/local/lib/python3.10/dist-packages/tesse_msgs/srv/_reposition_request_service.py
[3.449s] -- Up-to-date: /home/aimane/humble_ws/src/VNAV_23/vnav_ws/install/tesse_msgs/local/lib/python3.10/dist-packages/tesse_msgs/srv/_scene_request_service_s.c
[3.449s] -- Up-to-date: /home/aimane/humble_ws/src/VNAV_23/vnav_ws/install/tesse_msgs/local/lib/python3.10/dist-packages/tesse_msgs/srv/__init__.py
[3.449s] -- Up-to-date: /home/aimane/humble_ws/src/VNAV_23/vnav_ws/install/tesse_msgs/local/lib/python3.10/dist-packages/tesse_msgs/srv/_object_spawn_request_service_s.c
[3.449s] -- Up-to-date: /home/aimane/humble_ws/src/VNAV_23/vnav_ws/install/tesse_msgs/local/lib/python3.10/dist-packages/tesse_msgs/srv/_object_spawn_request_service.py
[3.449s] -- Up-to-date: /home/aimane/humble_ws/src/VNAV_23/vnav_ws/install/tesse_msgs/local/lib/python3.10/dist-packages/tesse_msgs/srv/_reposition_request_service_s.c
[3.449s] -- Up-to-date: /home/aimane/humble_ws/src/VNAV_23/vnav_ws/install/tesse_msgs/local/lib/python3.10/dist-packages/tesse_msgs/_tesse_msgs_s.ep.rosidl_typesupport_introspection_c.c
[3.449s] -- Up-to-date: /home/aimane/humble_ws/src/VNAV_23/vnav_ws/install/tesse_msgs/local/lib/python3.10/dist-packages/tesse_msgs/tesse_msgs_s__rosidl_typesupport_introspection_c.cpython-310-x86_64-linux-gnu.so
[3.638s] Listing '/home/aimane/humble_ws/src/VNAV_23/vnav_ws/install/tesse_msgs/local/lib/python3.10/dist-packages/tesse_msgs'...
[3.638s] Listing '/home/aimane/humble_ws/src/VNAV_23/vnav_ws/install/tesse_msgs/local/lib/python3.10/dist-packages/tesse_msgs/msg'...
[3.638s] Listing '/home/aimane/humble_ws/src/VNAV_23/vnav_ws/install/tesse_msgs/local/lib/python3.10/dist-packages/tesse_msgs/srv'...
[3.710s] -- Up-to-date: /home/aimane/humble_ws/src/VNAV_23/vnav_ws/install/tesse_msgs/local/lib/python3.10/dist-packages/tesse_msgs/tesse_msgs_s__rosidl_typesupport_fastrtps_c.cpython-310-x86_64-linux-gnu.so
[3.712s] -- Up-to-date: /home/aimane/humble_ws/src/VNAV_23/vnav_ws/install/tesse_msgs/local/lib/python3.10/dist-packages/tesse_msgs/tesse_msgs_s__rosidl_typesupport_introspection_c.cpython-310-x86_64-linux-gnu.so
[3.713s] -- Up-to-date: /home/aimane/humble_ws/src/VNAV_23/vnav_ws/install/tesse_msgs/local/lib/python3.10/dist-packages/tesse_msgs/tesse_msgs_s__rosidl_typesupport_c.cpython-310-x86_64-linux-gnu.so
[3.714s] -- Up-to-date: /home/aimane/humble_ws/src/VNAV_23/vnav_ws/install/tesse_msgs/lib/libtesse_msgs__rosidl_generator_py.so
[3.714s] -- Up-to-date: /home/aimane/humble_ws/src/VNAV_23/vnav_ws/install/tesse_msgs/share/tesse_msgs/msg/CollisionStats.idl
[3.715s] -- Up-to-date: /home/aimane/humble_ws/src/VNAV_23/vnav_ws/install/tesse_msgs/share/tesse_msgs/srv/ObjectSpawnRequestService.idl
[3.715s] -- Up-to-date: /home/aimane/humble_ws/src/VNAV_23/vnav_ws/install/tesse_msgs/share/tesse_msgs/srv/RepositionRequestService.idl
[3.715s] -- Up-to-date: /home/aimane/humble_ws/src/VNAV_23/vnav_ws/install/tesse_msgs/share/tesse_msgs/srv/SceneRequestService.idl
[3.715s] -- Up-to-date: /home/aimane/humble_ws/src/VNAV_23/vnav_ws/install/tesse_msgs/share/tesse_msgs/msg/CollisionStats.msg
[3.715s] -- Up-to-date: /home/aimane/humble_ws/src/VNAV_23/vnav_ws/install/tesse_msgs/share/tesse_msgs/srv/ObjectSpawnRequestService.srv
[3.715s] -- Up-to-date: /home/aimane/humble_ws/src/VNAV_23/vnav_ws/install/tesse_msgs/share/tesse_msgs/srv/ObjectSpawnRequestService_Request.msg
[3.715s] -- Up-to-date: /home/aimane/humble_ws/src/VNAV_23/vnav_ws/install/tesse_msgs/share/tesse_msgs/srv/ObjectSpawnRequestService_Response.msg
[3.715s] -- Up-to-date: /home/aimane/humble_ws/src/VNAV_23/vnav_ws/install/tesse_msgs/share/tesse_msgs/srv/RepositionRequestService.srv
[3.715s] -- Up-to-date: /home/aimane/humble_ws/src/VNAV_23/vnav_ws/install/tesse_msgs/share/tesse_msgs/srv/RepositionRequestService_Request.msg
[3.715s] -- Up-to-date: /home/aimane/humble_ws/src/VNAV_23/vnav_ws/install/tesse_msgs/share/tesse_msgs/srv/RepositionRequestService_Response.msg
[3.716s] -- Up-to-date: /home/aimane/humble_ws/src/VNAV_23/vnav_ws/install/tesse_msgs/share/tesse_msgs/srv/SceneRequestService.srv
[3.716s] -- Up-to-date: /home/aimane/humble_ws/src/VNAV_23/vnav_ws/install/tesse_msgs/share/tesse_msgs/srv/SceneRequestService_Request.msg
[3.716s] -- Up-to-date: /home/aimane/humble_ws/src/VNAV_23/vnav_ws/install/tesse_msgs/share/tesse_msgs/srv/SceneRequestService_Response.msg
[3.716s] -- Up-to-date: /home/aimane/humble_ws/src/VNAV_23/vnav_ws/install/tesse_msgs/share/ament_index/resource_index/package_run_dependencies/tesse_msgs
[3.716s] -- Up-to-date: /home/aimane/humble_ws/src/VNAV_23/vnav_ws/install/tesse_msgs/share/ament_index/resource_index/parent_prefix_path/tesse_msgs
[3.716s] -- Up-to-date: /home/aimane/humble_ws/src/VNAV_23/vnav_ws/install/tesse_msgs/share/tesse_msgs/environment/ament_prefix_path.sh
[3.716s] -- Up-to-date: /home/aimane/humble_ws/src/VNAV_23/vnav_ws/install/tesse_msgs/share/tesse_msgs/environment/ament_prefix_path.dsv
[3.716s] -- Up-to-date: /home/aimane/humble_ws/src/VNAV_23/vnav_ws/install/tesse_msgs/share/tesse_msgs/environment/path.sh
[3.716s] -- Up-to-date: /home/aimane/humble_ws/src/VNAV_23/vnav_ws/install/tesse_msgs/share/tesse_msgs/environment/path.dsv
[3.716s] -- Up-to-date: /home/aimane/humble_ws/src/VNAV_23/vnav_ws/install/tesse_msgs/share/tesse_msgs/local_setup.bash
[3.716s] -- Up-to-date: /home/aimane/humble_ws/src/VNAV_23/vnav_ws/install/tesse_msgs/share/tesse_msgs/local_setup.sh
[3.716s] -- Up-to-date: /home/aimane/humble_ws/src/VNAV_23/vnav_ws/install/tesse_msgs/share/tesse_msgs/local_setup.zsh
[3.716s] -- Up-to-date: /home/aimane/humble_ws/src/VNAV_23/vnav_ws/install/tesse_msgs/share/tesse_msgs/local_setup.dsv
[3.716s] -- Installing: /home/aimane/humble_ws/src/VNAV_23/vnav_ws/install/tesse_msgs/share/tesse_msgs/package.dsv
[3.716s] -- Up-to-date: /home/aimane/humble_ws/src/VNAV_23/vnav_ws/install/tesse_msgs/share/ament_index/resource_index/packages/tesse_msgs
[3.776s] -- Up-to-date: /home/aimane/humble_ws/src/VNAV_23/vnav_ws/install/tesse_msgs/share/tesse_msgs/cmake/export_tesse_msgs__rosidl_generator_cExport.cmake
[3.776s] -- Up-to-date: /home/aimane/humble_ws/src/VNAV_23/vnav_ws/install/tesse_msgs/share/tesse_msgs/cmake/export_tesse_msgs__rosidl_generator_cExport-noconfig.cmake
[3.840s] -- Up-to-date: /home/aimane/humble_ws/src/VNAV_23/vnav_ws/install/tesse_msgs/share/tesse_msgs/cmake/export_tesse_msgs__rosidl_typesupport_fastrtps_cExport.cmake
[3.840s] -- Up-to-date: /home/aimane/humble_ws/src/VNAV_23/vnav_ws/install/tesse_msgs/share/tesse_msgs/cmake/export_tesse_msgs__rosidl_typesupport_fastrtps_cExport-noconfig.cmake
[3.847s] -- Up-to-date: /home/aimane/humble_ws/src/VNAV_23/vnav_ws/install/tesse_msgs/share/tesse_msgs/cmake/export_tesse_msgs__rosidl_generator_cppExport.cmake
[3.847s] -- Up-to-date: /home/aimane/humble_ws/src/VNAV_23/vnav_ws/install/tesse_msgs/share/tesse_msgs/cmake/export_tesse_msgs__rosidl_typesupport_fastrtps_cppExport.cmake
[3.847s] -- Up-to-date: /home/aimane/humble_ws/src/VNAV_23/vnav_ws/install/tesse_msgs/share/tesse_msgs/cmake/export_tesse_msgs__rosidl_typesupport_fastrtps_cppExport-noconfig.cmake
[3.848s] -- Up-to-date: /home/aimane/humble_ws/src/VNAV_23/vnav_ws/install/tesse_msgs/share/tesse_msgs/cmake/tesse_msgs__rosidl_typesupport_introspection_cExport.cmake
[3.848s] -- Up-to-date: /home/aimane/humble_ws/src/VNAV_23/vnav_ws/install/tesse_msgs/share/tesse_msgs/cmake/tesse_msgs__rosidl_typesupport_introspection_cExport-noconfig.cmake
[3.848s] -- Up-to-date: /home/aimane/humble_ws/src/VNAV_23/vnav_ws/install/tesse_msgs/share/tesse_msgs/cmake/tesse_msgs__rosidl_typesupport_cExport.cmake
[3.849s] -- Up-to-date: /home/aimane/humble_ws/src/VNAV_23/vnav_ws/install/tesse_msgs/share/tesse_msgs/cmake/tesse_msgs__rosidl_typesupport_cExport-noconfig.cmake
[3.849s] -- Up-to-date: /home/aimane/humble_ws/src/VNAV_23/vnav_ws/install/tesse_msgs/share/tesse_msgs/cmake/tesse_msgs__rosidl_typesupport_introspection_cppExport.cmake
[3.849s] -- Up-to-date: /home/aimane/humble_ws/src/VNAV_23/vnav_ws/install/tesse_msgs/share/tesse_msgs/cmake/tesse_msgs__rosidl_typesupport_introspection_cppExport-noconfig.cmake
[3.849s] -- Up-to-date: /home/aimane/humble_ws/src/VNAV_23/vnav_ws/install/tesse_msgs/share/tesse_msgs/cmake/tesse_msgs__rosidl_typesupport_cppExport.cmake
[3.850s] -- Up-to-date: /home/aimane/humble_ws/src/VNAV_23/vnav_ws/install/tesse_msgs/share/tesse_msgs/cmake/tesse_msgs__rosidl_typesupport_cppExport-noconfig.cmake
[3.850s] -- Up-to-date: /home/aimane/humble_ws/src/VNAV_23/vnav_ws/install/tesse_msgs/share/tesse_msgs/cmake/export_tesse_msgs__rosidl_generator_pyExport.cmake
[3.850s] -- Up-to-date: /home/aimane/humble_ws/src/VNAV_23/vnav_ws/install/tesse_msgs/share/tesse_msgs/cmake/export_tesse_msgs__rosidl_generator_pyExport-noconfig.cmake
[3.851s] -- Up-to-date: /home/aimane/humble_ws/src/VNAV_23/vnav_ws/install/tesse_msgs/share/tesse_msgs/cmake/rosidl_cmake-extras.cmake
[3.851s] -- Up-to-date: /home/aimane/humble_ws/src/VNAV_23/vnav_ws/install/tesse_msgs/share/tesse_msgs/cmake/ament_cmake_export_dependencies-extras.cmake
[3.851s] -- Up-to-date: /home/aimane/humble_ws/src/VNAV_23/vnav_ws/install/tesse_msgs/share/tesse_msgs/cmake/ament_cmake_export_include_directories-extras.cmake
[3.851s] -- Up-to-date: /home/aimane/humble_ws/src/VNAV_23/vnav_ws/install/tesse_msgs/share/tesse_msgs/cmake/ament_cmake_export_libraries-extras.cmake
[3.851s] -- Up-to-date: /home/aimane/humble_ws/src/VNAV_23/vnav_ws/install/tesse_msgs/share/tesse_msgs/cmake/ament_cmake_export_targets-extras.cmake
[3.851s] -- Up-to-date: /home/aimane/humble_ws/src/VNAV_23/vnav_ws/install/tesse_msgs/share/tesse_msgs/cmake/rosidl_cmake_export_typesupport_targets-extras.cmake
[3.851s] -- Up-to-date: /home/aimane/humble_ws/src/VNAV_23/vnav_ws/install/tesse_msgs/share/tesse_msgs/cmake/rosidl_cmake_export_typesupport_libraries-extras.cmake
[3.851s] -- Up-to-date: /home/aimane/humble_ws/src/VNAV_23/vnav_ws/install/tesse_msgs/share/tesse_msgs/cmake/tesse_msgsConfig.cmake
[3.851s] -- Up-to-date: /home/aimane/humble_ws/src/VNAV_23/vnav_ws/install/tesse_msgs/share/tesse_msgs/cmake/tesse_msgsConfig-version.cmake
[3.851s] -- Up-to-date: /home/aimane/humble_ws/src/VNAV_23/vnav_ws/install/tesse_msgs/share/tesse_msgs/package.xml
[3.855s] Invoked command in '/home/aimane/humble_ws/src/VNAV_23/vnav_ws/build/tesse_msgs' returned '0': CMAKE_PREFIX_PATH=/opt/ros/humble /usr/bin/cmake --install /home/aimane/humble_ws/src/VNAV_23/vnav_ws/build/tesse_msgs
