[0.160s] Invoking command in '/home/aimane/humble_ws/src/VNAV_23/vnav_ws/build/mav_system_msgs': CMAKE_PREFIX_PATH=${CMAKE_PREFIX_PATH}:/home/aimane/humble_ws/src/VNAV_23/vnav_ws/install/tesse_ros_bridge:/opt/ros/humble /usr/bin/cmake --build /home/aimane/humble_ws/src/VNAV_23/vnav_ws/build/mav_system_msgs -- -j8 -l8
[1.119s] [  3%] Built target mav_system_msgs__cpp
[1.119s] [ 17%] Built target mav_system_msgs__rosidl_generator_c
[1.119s] [ 31%] Built target mav_system_msgs__rosidl_typesupport_introspection_cpp
[1.119s] [ 44%] Built target mav_system_msgs__rosidl_typesupport_c
[1.120s] [ 58%] Built target mav_system_msgs__rosidl_typesupport_introspection_c
[1.123s] [ 72%] Built target mav_system_msgs__rosidl_typesupport_fastrtps_c
[1.123s] [ 86%] Built target mav_system_msgs__rosidl_typesupport_fastrtps_cpp
[1.163s] [100%] Built target mav_system_msgs__rosidl_typesupport_cpp
[1.300s] [100%] Built target mav_system_msgs
[2.225s] Invoked command in '/home/aimane/humble_ws/src/VNAV_23/vnav_ws/build/mav_system_msgs' returned '0': CMAKE_PREFIX_PATH=${CMAKE_PREFIX_PATH}:/home/aimane/humble_ws/src/VNAV_23/vnav_ws/install/tesse_ros_bridge:/opt/ros/humble /usr/bin/cmake --build /home/aimane/humble_ws/src/VNAV_23/vnav_ws/build/mav_system_msgs -- -j8 -l8
[2.226s] Invoking command in '/home/aimane/humble_ws/src/VNAV_23/vnav_ws/build/mav_system_msgs': CMAKE_PREFIX_PATH=${CMAKE_PREFIX_PATH}:/home/aimane/humble_ws/src/VNAV_23/vnav_ws/install/tesse_ros_bridge:/opt/ros/humble /usr/bin/cmake --install /home/aimane/humble_ws/src/VNAV_23/vnav_ws/build/mav_system_msgs
[2.303s] -- Install configuration: ""
[2.304s] -- Up-to-date: /home/aimane/humble_ws/src/VNAV_23/vnav_ws/install/mav_system_msgs/share/ament_index/resource_index/rosidl_interfaces/mav_system_msgs
[2.304s] -- Up-to-date: /home/aimane/humble_ws/src/VNAV_23/vnav_ws/install/mav_system_msgs/include/mav_system_msgs/mav_system_msgs
[2.304s] -- Up-to-date: /home/aimane/humble_ws/src/VNAV_23/vnav_ws/install/mav_system_msgs/include/mav_system_msgs/mav_system_msgs/msg
[2.305s] -- Up-to-date: /home/aimane/humble_ws/src/VNAV_23/vnav_ws/install/mav_system_msgs/include/mav_system_msgs/mav_system_msgs/msg/process_info.h
[2.305s] -- Up-to-date: /home/aimane/humble_ws/src/VNAV_23/vnav_ws/install/mav_system_msgs/include/mav_system_msgs/mav_system_msgs/msg/detail
[2.312s] -- Up-to-date: /home/aimane/humble_ws/src/VNAV_23/vnav_ws/install/mav_system_msgs/include/mav_system_msgs/mav_system_msgs/msg/detail/process_info__functions.h
[2.312s] -- Up-to-date: /home/aimane/humble_ws/src/VNAV_23/vnav_ws/install/mav_system_msgs/include/mav_system_msgs/mav_system_msgs/msg/detail/process_info__functions.c
[2.312s] -- Up-to-date: /home/aimane/humble_ws/src/VNAV_23/vnav_ws/install/mav_system_msgs/include/mav_system_msgs/mav_system_msgs/msg/detail/cpu_info__functions.c
[2.312s] -- Up-to-date: /home/aimane/humble_ws/src/VNAV_23/vnav_ws/install/mav_system_msgs/include/mav_system_msgs/mav_system_msgs/msg/detail/cpu_info__struct.h
[2.313s] -- Up-to-date: /home/aimane/humble_ws/src/VNAV_23/vnav_ws/install/mav_system_msgs/include/mav_system_msgs/mav_system_msgs/msg/detail/cpu_info__type_support.h
[2.314s] -- Up-to-date: /home/aimane/humble_ws/src/VNAV_23/vnav_ws/install/mav_system_msgs/include/mav_system_msgs/mav_system_msgs/msg/detail/process_info__struct.h
[2.317s] -- Up-to-date: /home/aimane/humble_ws/src/VNAV_23/vnav_ws/install/mav_system_msgs/include/mav_system_msgs/mav_system_msgs/msg/detail/process_info__type_support.h
[2.317s] -- Up-to-date: /home/aimane/humble_ws/src/VNAV_23/vnav_ws/install/mav_system_msgs/include/mav_system_msgs/mav_system_msgs/msg/detail/cpu_info__functions.h
[2.317s] -- Up-to-date: /home/aimane/humble_ws/src/VNAV_23/vnav_ws/install/mav_system_msgs/include/mav_system_msgs/mav_system_msgs/msg/cpu_info.h
[2.318s] -- Up-to-date: /home/aimane/humble_ws/src/VNAV_23/vnav_ws/install/mav_system_msgs/include/mav_system_msgs/mav_system_msgs/msg/rosidl_generator_c__visibility_control.h
[2.319s] -- Up-to-date: /home/aimane/humble_ws/src/VNAV_23/vnav_ws/install/mav_system_msgs/share/mav_system_msgs/environment/library_path.sh
[2.319s] -- Up-to-date: /home/aimane/humble_ws/src/VNAV_23/vnav_ws/install/mav_system_msgs/share/mav_system_msgs/environment/library_path.dsv
[2.319s] -- Up-to-date: /home/aimane/humble_ws/src/VNAV_23/vnav_ws/install/mav_system_msgs/lib/libmav_system_msgs__rosidl_generator_c.so
[2.326s] -- Up-to-date: /home/aimane/humble_ws/src/VNAV_23/vnav_ws/install/mav_system_msgs/include/mav_system_msgs/mav_system_msgs
[2.326s] -- Up-to-date: /home/aimane/humble_ws/src/VNAV_23/vnav_ws/install/mav_system_msgs/include/mav_system_msgs/mav_system_msgs/msg
[2.340s] -- Up-to-date: /home/aimane/humble_ws/src/VNAV_23/vnav_ws/install/mav_system_msgs/include/mav_system_msgs/mav_system_msgs/msg/detail
[2.341s] -- Up-to-date: /home/aimane/humble_ws/src/VNAV_23/vnav_ws/install/mav_system_msgs/include/mav_system_msgs/mav_system_msgs/msg/detail/process_info__rosidl_typesupport_fastrtps_c.h
[2.341s] -- Up-to-date: /home/aimane/humble_ws/src/VNAV_23/vnav_ws/install/mav_system_msgs/include/mav_system_msgs/mav_system_msgs/msg/detail/cpu_info__rosidl_typesupport_fastrtps_c.h
[2.341s] -- Up-to-date: /home/aimane/humble_ws/src/VNAV_23/vnav_ws/install/mav_system_msgs/include/mav_system_msgs/mav_system_msgs/msg/rosidl_typesupport_fastrtps_c__visibility_control.h
[2.341s] -- Up-to-date: /home/aimane/humble_ws/src/VNAV_23/vnav_ws/install/mav_system_msgs/lib/libmav_system_msgs__rosidl_typesupport_fastrtps_c.so
[2.342s] -- Up-to-date: /home/aimane/humble_ws/src/VNAV_23/vnav_ws/install/mav_system_msgs/include/mav_system_msgs/mav_system_msgs
[2.342s] -- Up-to-date: /home/aimane/humble_ws/src/VNAV_23/vnav_ws/install/mav_system_msgs/include/mav_system_msgs/mav_system_msgs/msg
[2.342s] -- Up-to-date: /home/aimane/humble_ws/src/VNAV_23/vnav_ws/install/mav_system_msgs/include/mav_system_msgs/mav_system_msgs/msg/process_info.hpp
[2.342s] -- Up-to-date: /home/aimane/humble_ws/src/VNAV_23/vnav_ws/install/mav_system_msgs/include/mav_system_msgs/mav_system_msgs/msg/detail
[2.343s] -- Up-to-date: /home/aimane/humble_ws/src/VNAV_23/vnav_ws/install/mav_system_msgs/include/mav_system_msgs/mav_system_msgs/msg/detail/process_info__traits.hpp
[2.343s] -- Up-to-date: /home/aimane/humble_ws/src/VNAV_23/vnav_ws/install/mav_system_msgs/include/mav_system_msgs/mav_system_msgs/msg/detail/cpu_info__traits.hpp
[2.343s] -- Up-to-date: /home/aimane/humble_ws/src/VNAV_23/vnav_ws/install/mav_system_msgs/include/mav_system_msgs/mav_system_msgs/msg/detail/cpu_info__builder.hpp
[2.343s] -- Up-to-date: /home/aimane/humble_ws/src/VNAV_23/vnav_ws/install/mav_system_msgs/include/mav_system_msgs/mav_system_msgs/msg/detail/process_info__struct.hpp
[2.343s] -- Up-to-date: /home/aimane/humble_ws/src/VNAV_23/vnav_ws/install/mav_system_msgs/include/mav_system_msgs/mav_system_msgs/msg/detail/process_info__builder.hpp
[2.354s] -- Up-to-date: /home/aimane/humble_ws/src/VNAV_23/vnav_ws/install/mav_system_msgs/include/mav_system_msgs/mav_system_msgs/msg/detail/process_info__type_support.hpp
[2.354s] -- Up-to-date: /home/aimane/humble_ws/src/VNAV_23/vnav_ws/install/mav_system_msgs/include/mav_system_msgs/mav_system_msgs/msg/detail/cpu_info__type_support.hpp
[2.355s] -- Up-to-date: /home/aimane/humble_ws/src/VNAV_23/vnav_ws/install/mav_system_msgs/include/mav_system_msgs/mav_system_msgs/msg/detail/cpu_info__struct.hpp
[2.355s] -- Up-to-date: /home/aimane/humble_ws/src/VNAV_23/vnav_ws/install/mav_system_msgs/include/mav_system_msgs/mav_system_msgs/msg/cpu_info.hpp
[2.356s] -- Up-to-date: /home/aimane/humble_ws/src/VNAV_23/vnav_ws/install/mav_system_msgs/include/mav_system_msgs/mav_system_msgs/msg/rosidl_generator_cpp__visibility_control.hpp
[2.356s] -- Up-to-date: /home/aimane/humble_ws/src/VNAV_23/vnav_ws/install/mav_system_msgs/include/mav_system_msgs/mav_system_msgs
[2.356s] -- Up-to-date: /home/aimane/humble_ws/src/VNAV_23/vnav_ws/install/mav_system_msgs/include/mav_system_msgs/mav_system_msgs/msg
[2.356s] -- Up-to-date: /home/aimane/humble_ws/src/VNAV_23/vnav_ws/install/mav_system_msgs/include/mav_system_msgs/mav_system_msgs/msg/detail
[2.356s] -- Up-to-date: /home/aimane/humble_ws/src/VNAV_23/vnav_ws/install/mav_system_msgs/include/mav_system_msgs/mav_system_msgs/msg/detail/dds_fastrtps
[2.360s] -- Up-to-date: /home/aimane/humble_ws/src/VNAV_23/vnav_ws/install/mav_system_msgs/include/mav_system_msgs/mav_system_msgs/msg/detail/process_info__rosidl_typesupport_fastrtps_cpp.hpp
[2.360s] -- Up-to-date: /home/aimane/humble_ws/src/VNAV_23/vnav_ws/install/mav_system_msgs/include/mav_system_msgs/mav_system_msgs/msg/detail/cpu_info__rosidl_typesupport_fastrtps_cpp.hpp
[2.360s] -- Up-to-date: /home/aimane/humble_ws/src/VNAV_23/vnav_ws/install/mav_system_msgs/include/mav_system_msgs/mav_system_msgs/msg/rosidl_typesupport_fastrtps_cpp__visibility_control.h
[2.361s] -- Up-to-date: /home/aimane/humble_ws/src/VNAV_23/vnav_ws/install/mav_system_msgs/lib/libmav_system_msgs__rosidl_typesupport_fastrtps_cpp.so
[2.375s] -- Up-to-date: /home/aimane/humble_ws/src/VNAV_23/vnav_ws/install/mav_system_msgs/include/mav_system_msgs/mav_system_msgs
[2.376s] -- Up-to-date: /home/aimane/humble_ws/src/VNAV_23/vnav_ws/install/mav_system_msgs/include/mav_system_msgs/mav_system_msgs/msg
[2.376s] -- Up-to-date: /home/aimane/humble_ws/src/VNAV_23/vnav_ws/install/mav_system_msgs/include/mav_system_msgs/mav_system_msgs/msg/rosidl_typesupport_introspection_c__visibility_control.h
[2.376s] -- Up-to-date: /home/aimane/humble_ws/src/VNAV_23/vnav_ws/install/mav_system_msgs/include/mav_system_msgs/mav_system_msgs/msg/detail
[2.376s] -- Up-to-date: /home/aimane/humble_ws/src/VNAV_23/vnav_ws/install/mav_system_msgs/include/mav_system_msgs/mav_system_msgs/msg/detail/process_info__type_support.c
[2.377s] -- Up-to-date: /home/aimane/humble_ws/src/VNAV_23/vnav_ws/install/mav_system_msgs/include/mav_system_msgs/mav_system_msgs/msg/detail/cpu_info__rosidl_typesupport_introspection_c.h
[2.377s] -- Up-to-date: /home/aimane/humble_ws/src/VNAV_23/vnav_ws/install/mav_system_msgs/include/mav_system_msgs/mav_system_msgs/msg/detail/cpu_info__type_support.c
[2.385s] -- Up-to-date: /home/aimane/humble_ws/src/VNAV_23/vnav_ws/install/mav_system_msgs/include/mav_system_msgs/mav_system_msgs/msg/detail/process_info__rosidl_typesupport_introspection_c.h
[2.385s] -- Up-to-date: /home/aimane/humble_ws/src/VNAV_23/vnav_ws/install/mav_system_msgs/lib/libmav_system_msgs__rosidl_typesupport_introspection_c.so
[2.385s] -- Up-to-date: /home/aimane/humble_ws/src/VNAV_23/vnav_ws/install/mav_system_msgs/lib/libmav_system_msgs__rosidl_typesupport_c.so
[2.386s] -- Up-to-date: /home/aimane/humble_ws/src/VNAV_23/vnav_ws/install/mav_system_msgs/include/mav_system_msgs/mav_system_msgs
[2.391s] -- Up-to-date: /home/aimane/humble_ws/src/VNAV_23/vnav_ws/install/mav_system_msgs/include/mav_system_msgs/mav_system_msgs/msg
[2.393s] -- Up-to-date: /home/aimane/humble_ws/src/VNAV_23/vnav_ws/install/mav_system_msgs/include/mav_system_msgs/mav_system_msgs/msg/detail
[2.398s] -- Up-to-date: /home/aimane/humble_ws/src/VNAV_23/vnav_ws/install/mav_system_msgs/include/mav_system_msgs/mav_system_msgs/msg/detail/process_info__rosidl_typesupport_introspection_cpp.hpp
[2.399s] -- Up-to-date: /home/aimane/humble_ws/src/VNAV_23/vnav_ws/install/mav_system_msgs/include/mav_system_msgs/mav_system_msgs/msg/detail/cpu_info__rosidl_typesupport_introspection_cpp.hpp
[2.400s] -- Up-to-date: /home/aimane/humble_ws/src/VNAV_23/vnav_ws/install/mav_system_msgs/include/mav_system_msgs/mav_system_msgs/msg/detail/process_info__type_support.cpp
[2.400s] -- Up-to-date: /home/aimane/humble_ws/src/VNAV_23/vnav_ws/install/mav_system_msgs/include/mav_system_msgs/mav_system_msgs/msg/detail/cpu_info__type_support.cpp
[2.400s] -- Up-to-date: /home/aimane/humble_ws/src/VNAV_23/vnav_ws/install/mav_system_msgs/lib/libmav_system_msgs__rosidl_typesupport_introspection_cpp.so
[2.401s] -- Up-to-date: /home/aimane/humble_ws/src/VNAV_23/vnav_ws/install/mav_system_msgs/lib/libmav_system_msgs__rosidl_typesupport_cpp.so
[2.401s] -- Up-to-date: /home/aimane/humble_ws/src/VNAV_23/vnav_ws/install/mav_system_msgs/share/mav_system_msgs/msg/CpuInfo.idl
[2.403s] -- Up-to-date: /home/aimane/humble_ws/src/VNAV_23/vnav_ws/install/mav_system_msgs/share/mav_system_msgs/msg/ProcessInfo.idl
[2.404s] -- Up-to-date: /home/aimane/humble_ws/src/VNAV_23/vnav_ws/install/mav_system_msgs/share/mav_system_msgs/msg/CpuInfo.msg
[2.404s] -- Up-to-date: /home/aimane/humble_ws/src/VNAV_23/vnav_ws/install/mav_system_msgs/share/mav_system_msgs/msg/ProcessInfo.msg
[2.405s] -- Up-to-date: /home/aimane/humble_ws/src/VNAV_23/vnav_ws/install/mav_system_msgs/share/ament_index/resource_index/package_run_dependencies/mav_system_msgs
[2.405s] -- Up-to-date: /home/aimane/humble_ws/src/VNAV_23/vnav_ws/install/mav_system_msgs/share/ament_index/resource_index/parent_prefix_path/mav_system_msgs
[2.405s] -- Up-to-date: /home/aimane/humble_ws/src/VNAV_23/vnav_ws/install/mav_system_msgs/share/mav_system_msgs/environment/ament_prefix_path.sh
[2.406s] -- Up-to-date: /home/aimane/humble_ws/src/VNAV_23/vnav_ws/install/mav_system_msgs/share/mav_system_msgs/environment/ament_prefix_path.dsv
[2.407s] -- Up-to-date: /home/aimane/humble_ws/src/VNAV_23/vnav_ws/install/mav_system_msgs/share/mav_system_msgs/environment/path.sh
[2.407s] -- Up-to-date: /home/aimane/humble_ws/src/VNAV_23/vnav_ws/install/mav_system_msgs/share/mav_system_msgs/environment/path.dsv
[2.407s] -- Up-to-date: /home/aimane/humble_ws/src/VNAV_23/vnav_ws/install/mav_system_msgs/share/mav_system_msgs/local_setup.bash
[2.408s] -- Up-to-date: /home/aimane/humble_ws/src/VNAV_23/vnav_ws/install/mav_system_msgs/share/mav_system_msgs/local_setup.sh
[2.408s] -- Up-to-date: /home/aimane/humble_ws/src/VNAV_23/vnav_ws/install/mav_system_msgs/share/mav_system_msgs/local_setup.zsh
[2.408s] -- Up-to-date: /home/aimane/humble_ws/src/VNAV_23/vnav_ws/install/mav_system_msgs/share/mav_system_msgs/local_setup.dsv
[2.408s] -- Installing: /home/aimane/humble_ws/src/VNAV_23/vnav_ws/install/mav_system_msgs/share/mav_system_msgs/package.dsv
[2.409s] -- Up-to-date: /home/aimane/humble_ws/src/VNAV_23/vnav_ws/install/mav_system_msgs/share/ament_index/resource_index/packages/mav_system_msgs
[2.409s] -- Up-to-date: /home/aimane/humble_ws/src/VNAV_23/vnav_ws/install/mav_system_msgs/share/mav_system_msgs/cmake/export_mav_system_msgs__rosidl_generator_cExport.cmake
[2.409s] -- Up-to-date: /home/aimane/humble_ws/src/VNAV_23/vnav_ws/install/mav_system_msgs/share/mav_system_msgs/cmake/export_mav_system_msgs__rosidl_generator_cExport-noconfig.cmake
[2.409s] -- Up-to-date: /home/aimane/humble_ws/src/VNAV_23/vnav_ws/install/mav_system_msgs/share/mav_system_msgs/cmake/export_mav_system_msgs__rosidl_typesupport_fastrtps_cExport.cmake
[2.409s] -- Up-to-date: /home/aimane/humble_ws/src/VNAV_23/vnav_ws/install/mav_system_msgs/share/mav_system_msgs/cmake/export_mav_system_msgs__rosidl_typesupport_fastrtps_cExport-noconfig.cmake
[2.412s] -- Up-to-date: /home/aimane/humble_ws/src/VNAV_23/vnav_ws/install/mav_system_msgs/share/mav_system_msgs/cmake/export_mav_system_msgs__rosidl_generator_cppExport.cmake
[2.413s] -- Up-to-date: /home/aimane/humble_ws/src/VNAV_23/vnav_ws/install/mav_system_msgs/share/mav_system_msgs/cmake/export_mav_system_msgs__rosidl_typesupport_fastrtps_cppExport.cmake
[2.416s] -- Up-to-date: /home/aimane/humble_ws/src/VNAV_23/vnav_ws/install/mav_system_msgs/share/mav_system_msgs/cmake/export_mav_system_msgs__rosidl_typesupport_fastrtps_cppExport-noconfig.cmake
[2.416s] -- Up-to-date: /home/aimane/humble_ws/src/VNAV_23/vnav_ws/install/mav_system_msgs/share/mav_system_msgs/cmake/mav_system_msgs__rosidl_typesupport_introspection_cExport.cmake
[2.416s] -- Up-to-date: /home/aimane/humble_ws/src/VNAV_23/vnav_ws/install/mav_system_msgs/share/mav_system_msgs/cmake/mav_system_msgs__rosidl_typesupport_introspection_cExport-noconfig.cmake
[2.416s] -- Up-to-date: /home/aimane/humble_ws/src/VNAV_23/vnav_ws/install/mav_system_msgs/share/mav_system_msgs/cmake/mav_system_msgs__rosidl_typesupport_cExport.cmake
[2.417s] -- Up-to-date: /home/aimane/humble_ws/src/VNAV_23/vnav_ws/install/mav_system_msgs/share/mav_system_msgs/cmake/mav_system_msgs__rosidl_typesupport_cExport-noconfig.cmake
[2.417s] -- Up-to-date: /home/aimane/humble_ws/src/VNAV_23/vnav_ws/install/mav_system_msgs/share/mav_system_msgs/cmake/mav_system_msgs__rosidl_typesupport_introspection_cppExport.cmake
[2.419s] -- Up-to-date: /home/aimane/humble_ws/src/VNAV_23/vnav_ws/install/mav_system_msgs/share/mav_system_msgs/cmake/mav_system_msgs__rosidl_typesupport_introspection_cppExport-noconfig.cmake
[2.421s] -- Up-to-date: /home/aimane/humble_ws/src/VNAV_23/vnav_ws/install/mav_system_msgs/share/mav_system_msgs/cmake/mav_system_msgs__rosidl_typesupport_cppExport.cmake
[2.421s] -- Up-to-date: /home/aimane/humble_ws/src/VNAV_23/vnav_ws/install/mav_system_msgs/share/mav_system_msgs/cmake/mav_system_msgs__rosidl_typesupport_cppExport-noconfig.cmake
[2.422s] -- Up-to-date: /home/aimane/humble_ws/src/VNAV_23/vnav_ws/install/mav_system_msgs/share/mav_system_msgs/cmake/rosidl_cmake-extras.cmake
[2.422s] -- Up-to-date: /home/aimane/humble_ws/src/VNAV_23/vnav_ws/install/mav_system_msgs/share/mav_system_msgs/cmake/ament_cmake_export_dependencies-extras.cmake
[2.422s] -- Up-to-date: /home/aimane/humble_ws/src/VNAV_23/vnav_ws/install/mav_system_msgs/share/mav_system_msgs/cmake/ament_cmake_export_include_directories-extras.cmake
[2.422s] -- Up-to-date: /home/aimane/humble_ws/src/VNAV_23/vnav_ws/install/mav_system_msgs/share/mav_system_msgs/cmake/ament_cmake_export_libraries-extras.cmake
[2.426s] -- Up-to-date: /home/aimane/humble_ws/src/VNAV_23/vnav_ws/install/mav_system_msgs/share/mav_system_msgs/cmake/ament_cmake_export_targets-extras.cmake
[2.426s] -- Up-to-date: /home/aimane/humble_ws/src/VNAV_23/vnav_ws/install/mav_system_msgs/share/mav_system_msgs/cmake/rosidl_cmake_export_typesupport_targets-extras.cmake
[2.426s] -- Up-to-date: /home/aimane/humble_ws/src/VNAV_23/vnav_ws/install/mav_system_msgs/share/mav_system_msgs/cmake/rosidl_cmake_export_typesupport_libraries-extras.cmake
[2.426s] -- Up-to-date: /home/aimane/humble_ws/src/VNAV_23/vnav_ws/install/mav_system_msgs/share/mav_system_msgs/cmake/mav_system_msgsConfig.cmake
[2.427s] -- Up-to-date: /home/aimane/humble_ws/src/VNAV_23/vnav_ws/install/mav_system_msgs/share/mav_system_msgs/cmake/mav_system_msgsConfig-version.cmake
[2.427s] -- Up-to-date: /home/aimane/humble_ws/src/VNAV_23/vnav_ws/install/mav_system_msgs/share/mav_system_msgs/package.xml
[2.469s] Invoked command in '/home/aimane/humble_ws/src/VNAV_23/vnav_ws/build/mav_system_msgs' returned '0': CMAKE_PREFIX_PATH=${CMAKE_PREFIX_PATH}:/home/aimane/humble_ws/src/VNAV_23/vnav_ws/install/tesse_ros_bridge:/opt/ros/humble /usr/bin/cmake --install /home/aimane/humble_ws/src/VNAV_23/vnav_ws/build/mav_system_msgs
