[1.280s] Invoking command in '/home/aimane/humble_ws/src/VNAV_23/vnav_ws/src/Lab3/tesse_ros_bridge': PYTHONPATH=/home/aimane/humble_ws/src/VNAV_23/vnav_ws/build/tesse_ros_bridge/prefix_override:/usr/lib/python3/dist-packages/colcon_core/task/python/colcon_distutils_commands:/home/aimane/humble_ws/src/VNAV_23/vnav_ws/install/tesse_ros_bridge/lib/python3.10/site-packages:${PYTHONPATH} /usr/bin/python3 -W ignore:setup.py install is deprecated -W ignore:easy_install command is deprecated setup.py egg_info --egg-base ../../../build/tesse_ros_bridge build --build-base /home/aimane/humble_ws/src/VNAV_23/vnav_ws/build/tesse_ros_bridge/build install --record /home/aimane/humble_ws/src/VNAV_23/vnav_ws/build/tesse_ros_bridge/install.log --single-version-externally-managed install_data
[1.586s] running egg_info
[1.587s] creating ../../../build/tesse_ros_bridge/tesse_ros_bridge.egg-info
[1.587s] writing ../../../build/tesse_ros_bridge/tesse_ros_bridge.egg-info/PKG-INFO
[1.587s] writing dependency_links to ../../../build/tesse_ros_bridge/tesse_ros_bridge.egg-info/dependency_links.txt
[1.588s] writing entry points to ../../../build/tesse_ros_bridge/tesse_ros_bridge.egg-info/entry_points.txt
[1.588s] writing requirements to ../../../build/tesse_ros_bridge/tesse_ros_bridge.egg-info/requires.txt
[1.588s] writing top-level names to ../../../build/tesse_ros_bridge/tesse_ros_bridge.egg-info/top_level.txt
[1.588s] writing manifest file '../../../build/tesse_ros_bridge/tesse_ros_bridge.egg-info/SOURCES.txt'
[1.592s] reading manifest file '../../../build/tesse_ros_bridge/tesse_ros_bridge.egg-info/SOURCES.txt'
[1.594s] writing manifest file '../../../build/tesse_ros_bridge/tesse_ros_bridge.egg-info/SOURCES.txt'
[1.594s] running build
[1.595s] running build_py
[1.595s] creating /home/aimane/humble_ws/src/VNAV_23/vnav_ws/build/tesse_ros_bridge/build
[1.595s] creating /home/aimane/humble_ws/src/VNAV_23/vnav_ws/build/tesse_ros_bridge/build/lib
[1.595s] creating /home/aimane/humble_ws/src/VNAV_23/vnav_ws/build/tesse_ros_bridge/build/lib/tesse_ros_bridge
[1.595s] copying tesse_ros_bridge/tesse_ros_node.py -> /home/aimane/humble_ws/src/VNAV_23/vnav_ws/build/tesse_ros_bridge/build/lib/tesse_ros_bridge
[1.595s] copying tesse_ros_bridge/quadrotor_control_interface.py -> /home/aimane/humble_ws/src/VNAV_23/vnav_ws/build/tesse_ros_bridge/build/lib/tesse_ros_bridge
[1.596s] copying tesse_ros_bridge/__init__.py -> /home/aimane/humble_ws/src/VNAV_23/vnav_ws/build/tesse_ros_bridge/build/lib/tesse_ros_bridge
[1.596s] copying tesse_ros_bridge/noise_simulator.py -> /home/aimane/humble_ws/src/VNAV_23/vnav_ws/build/tesse_ros_bridge/build/lib/tesse_ros_bridge
[1.596s] copying tesse_ros_bridge/utils.py -> /home/aimane/humble_ws/src/VNAV_23/vnav_ws/build/tesse_ros_bridge/build/lib/tesse_ros_bridge
[1.596s] copying tesse_ros_bridge/consts.py -> /home/aimane/humble_ws/src/VNAV_23/vnav_ws/build/tesse_ros_bridge/build/lib/tesse_ros_bridge
[1.597s] creating /home/aimane/humble_ws/src/VNAV_23/vnav_ws/build/tesse_ros_bridge/build/lib/key_teleop
[1.597s] copying key_teleop/__init__.py -> /home/aimane/humble_ws/src/VNAV_23/vnav_ws/build/tesse_ros_bridge/build/lib/key_teleop
[1.597s] copying key_teleop/key_teleop.py -> /home/aimane/humble_ws/src/VNAV_23/vnav_ws/build/tesse_ros_bridge/build/lib/key_teleop
[1.597s] copying key_teleop/alternative_key_teleop.py -> /home/aimane/humble_ws/src/VNAV_23/vnav_ws/build/tesse_ros_bridge/build/lib/key_teleop
[1.598s] running install
[1.598s] running install_lib
[1.600s] creating /home/aimane/humble_ws/src/VNAV_23/vnav_ws/install/tesse_ros_bridge/lib/python3.10/site-packages/tesse_ros_bridge
[1.600s] copying /home/aimane/humble_ws/src/VNAV_23/vnav_ws/build/tesse_ros_bridge/build/lib/tesse_ros_bridge/tesse_ros_node.py -> /home/aimane/humble_ws/src/VNAV_23/vnav_ws/install/tesse_ros_bridge/lib/python3.10/site-packages/tesse_ros_bridge
[1.600s] copying /home/aimane/humble_ws/src/VNAV_23/vnav_ws/build/tesse_ros_bridge/build/lib/tesse_ros_bridge/quadrotor_control_interface.py -> /home/aimane/humble_ws/src/VNAV_23/vnav_ws/install/tesse_ros_bridge/lib/python3.10/site-packages/tesse_ros_bridge
[1.600s] copying /home/aimane/humble_ws/src/VNAV_23/vnav_ws/build/tesse_ros_bridge/build/lib/tesse_ros_bridge/__init__.py -> /home/aimane/humble_ws/src/VNAV_23/vnav_ws/install/tesse_ros_bridge/lib/python3.10/site-packages/tesse_ros_bridge
[1.601s] copying /home/aimane/humble_ws/src/VNAV_23/vnav_ws/build/tesse_ros_bridge/build/lib/tesse_ros_bridge/noise_simulator.py -> /home/aimane/humble_ws/src/VNAV_23/vnav_ws/install/tesse_ros_bridge/lib/python3.10/site-packages/tesse_ros_bridge
[1.601s] copying /home/aimane/humble_ws/src/VNAV_23/vnav_ws/build/tesse_ros_bridge/build/lib/tesse_ros_bridge/utils.py -> /home/aimane/humble_ws/src/VNAV_23/vnav_ws/install/tesse_ros_bridge/lib/python3.10/site-packages/tesse_ros_bridge
[1.601s] copying /home/aimane/humble_ws/src/VNAV_23/vnav_ws/build/tesse_ros_bridge/build/lib/tesse_ros_bridge/consts.py -> /home/aimane/humble_ws/src/VNAV_23/vnav_ws/install/tesse_ros_bridge/lib/python3.10/site-packages/tesse_ros_bridge
[1.601s] creating /home/aimane/humble_ws/src/VNAV_23/vnav_ws/install/tesse_ros_bridge/lib/python3.10/site-packages/key_teleop
[1.601s] copying /home/aimane/humble_ws/src/VNAV_23/vnav_ws/build/tesse_ros_bridge/build/lib/key_teleop/__init__.py -> /home/aimane/humble_ws/src/VNAV_23/vnav_ws/install/tesse_ros_bridge/lib/python3.10/site-packages/key_teleop
[1.602s] copying /home/aimane/humble_ws/src/VNAV_23/vnav_ws/build/tesse_ros_bridge/build/lib/key_teleop/key_teleop.py -> /home/aimane/humble_ws/src/VNAV_23/vnav_ws/install/tesse_ros_bridge/lib/python3.10/site-packages/key_teleop
[1.602s] copying /home/aimane/humble_ws/src/VNAV_23/vnav_ws/build/tesse_ros_bridge/build/lib/key_teleop/alternative_key_teleop.py -> /home/aimane/humble_ws/src/VNAV_23/vnav_ws/install/tesse_ros_bridge/lib/python3.10/site-packages/key_teleop
[1.603s] byte-compiling /home/aimane/humble_ws/src/VNAV_23/vnav_ws/install/tesse_ros_bridge/lib/python3.10/site-packages/tesse_ros_bridge/tesse_ros_node.py to tesse_ros_node.cpython-310.pyc
[1.613s] byte-compiling /home/aimane/humble_ws/src/VNAV_23/vnav_ws/install/tesse_ros_bridge/lib/python3.10/site-packages/tesse_ros_bridge/quadrotor_control_interface.py to quadrotor_control_interface.cpython-310.pyc
[1.614s] byte-compiling /home/aimane/humble_ws/src/VNAV_23/vnav_ws/install/tesse_ros_bridge/lib/python3.10/site-packages/tesse_ros_bridge/__init__.py to __init__.cpython-310.pyc
[1.614s] byte-compiling /home/aimane/humble_ws/src/VNAV_23/vnav_ws/install/tesse_ros_bridge/lib/python3.10/site-packages/tesse_ros_bridge/noise_simulator.py to noise_simulator.cpython-310.pyc
[1.615s] byte-compiling /home/aimane/humble_ws/src/VNAV_23/vnav_ws/install/tesse_ros_bridge/lib/python3.10/site-packages/tesse_ros_bridge/utils.py to utils.cpython-310.pyc
[1.620s] byte-compiling /home/aimane/humble_ws/src/VNAV_23/vnav_ws/install/tesse_ros_bridge/lib/python3.10/site-packages/tesse_ros_bridge/consts.py to consts.cpython-310.pyc
[1.621s] byte-compiling /home/aimane/humble_ws/src/VNAV_23/vnav_ws/install/tesse_ros_bridge/lib/python3.10/site-packages/key_teleop/__init__.py to __init__.cpython-310.pyc
[1.621s] byte-compiling /home/aimane/humble_ws/src/VNAV_23/vnav_ws/install/tesse_ros_bridge/lib/python3.10/site-packages/key_teleop/key_teleop.py to key_teleop.cpython-310.pyc
[1.623s] byte-compiling /home/aimane/humble_ws/src/VNAV_23/vnav_ws/install/tesse_ros_bridge/lib/python3.10/site-packages/key_teleop/alternative_key_teleop.py to alternative_key_teleop.cpython-310.pyc
[1.623s] running install_data
[1.624s] creating /home/aimane/humble_ws/src/VNAV_23/vnav_ws/install/tesse_ros_bridge/share/ament_index
[1.624s] creating /home/aimane/humble_ws/src/VNAV_23/vnav_ws/install/tesse_ros_bridge/share/ament_index/resource_index
[1.624s] creating /home/aimane/humble_ws/src/VNAV_23/vnav_ws/install/tesse_ros_bridge/share/ament_index/resource_index/packages
[1.624s] copying resource/tesse_ros_bridge -> /home/aimane/humble_ws/src/VNAV_23/vnav_ws/install/tesse_ros_bridge/share/ament_index/resource_index/packages
[1.624s] copying package.xml -> /home/aimane/humble_ws/src/VNAV_23/vnav_ws/install/tesse_ros_bridge/share/tesse_ros_bridge
[1.624s] creating /home/aimane/humble_ws/src/VNAV_23/vnav_ws/install/tesse_ros_bridge/share/tesse_ros_bridge/launch
[1.625s] copying launch/tesse_quadrotor_bridge.launch.yaml -> /home/aimane/humble_ws/src/VNAV_23/vnav_ws/install/tesse_ros_bridge/share/tesse_ros_bridge/launch
[1.625s] creating /home/aimane/humble_ws/src/VNAV_23/vnav_ws/install/tesse_ros_bridge/share/tesse_ros_bridge/config
[1.625s] copying config/tesse_agent_params.yaml -> /home/aimane/humble_ws/src/VNAV_23/vnav_ws/install/tesse_ros_bridge/share/tesse_ros_bridge/config
[1.625s] copying config/lidar_params.yaml -> /home/aimane/humble_ws/src/VNAV_23/vnav_ws/install/tesse_ros_bridge/share/tesse_ros_bridge/config
[1.625s] copying config/camera_params.yaml -> /home/aimane/humble_ws/src/VNAV_23/vnav_ws/install/tesse_ros_bridge/share/tesse_ros_bridge/config
[1.625s] copying config/params.yaml -> /home/aimane/humble_ws/src/VNAV_23/vnav_ws/install/tesse_ros_bridge/share/tesse_ros_bridge/config
[1.626s] copying config/object_spawn_params.yaml -> /home/aimane/humble_ws/src/VNAV_23/vnav_ws/install/tesse_ros_bridge/share/tesse_ros_bridge/config
[1.626s] copying config/map_tfs.yaml -> /home/aimane/humble_ws/src/VNAV_23/vnav_ws/install/tesse_ros_bridge/share/tesse_ros_bridge/config
[1.626s] copying config/noise_model.yaml -> /home/aimane/humble_ws/src/VNAV_23/vnav_ws/install/tesse_ros_bridge/share/tesse_ros_bridge/config
[1.626s] running install_egg_info
[1.629s] Copying ../../../build/tesse_ros_bridge/tesse_ros_bridge.egg-info to /home/aimane/humble_ws/src/VNAV_23/vnav_ws/install/tesse_ros_bridge/lib/python3.10/site-packages/tesse_ros_bridge-0.0.0-py3.10.egg-info
[1.631s] running install_scripts
[1.659s] Installing key_teleop script to /home/aimane/humble_ws/src/VNAV_23/vnav_ws/install/tesse_ros_bridge/lib/tesse_ros_bridge
[1.659s] Installing quadrotor_control_interface script to /home/aimane/humble_ws/src/VNAV_23/vnav_ws/install/tesse_ros_bridge/lib/tesse_ros_bridge
[1.659s] Installing tesse_ros_node script to /home/aimane/humble_ws/src/VNAV_23/vnav_ws/install/tesse_ros_bridge/lib/tesse_ros_bridge
[1.660s] writing list of installed files to '/home/aimane/humble_ws/src/VNAV_23/vnav_ws/build/tesse_ros_bridge/install.log'
[1.693s] Invoked command in '/home/aimane/humble_ws/src/VNAV_23/vnav_ws/src/Lab3/tesse_ros_bridge' returned '0': PYTHONPATH=/home/aimane/humble_ws/src/VNAV_23/vnav_ws/build/tesse_ros_bridge/prefix_override:/usr/lib/python3/dist-packages/colcon_core/task/python/colcon_distutils_commands:/home/aimane/humble_ws/src/VNAV_23/vnav_ws/install/tesse_ros_bridge/lib/python3.10/site-packages:${PYTHONPATH} /usr/bin/python3 -W ignore:setup.py install is deprecated -W ignore:easy_install command is deprecated setup.py egg_info --egg-base ../../../build/tesse_ros_bridge build --build-base /home/aimane/humble_ws/src/VNAV_23/vnav_ws/build/tesse_ros_bridge/build install --record /home/aimane/humble_ws/src/VNAV_23/vnav_ws/build/tesse_ros_bridge/install.log --single-version-externally-managed install_data
