[0.211s] Invoking command in '/home/aimane/humble_ws/src/VNAV_23/vnav_ws/build/mav_state_machine_msgs': CMAKE_PREFIX_PATH=${CMAKE_PREFIX_PATH}:/home/aimane/humble_ws/src/VNAV_23/vnav_ws/install/tesse_ros_bridge:/opt/ros/humble /usr/bin/cmake --build /home/aimane/humble_ws/src/VNAV_23/vnav_ws/build/mav_state_machine_msgs -- -j8 -l8
[1.287s] [  3%] Built target mav_state_machine_msgs__cpp
[1.287s] [ 17%] Built target mav_state_machine_msgs__rosidl_generator_c
[1.290s] [ 31%] Built target mav_state_machine_msgs__rosidl_typesupport_cpp
[1.290s] [ 44%] Built target mav_state_machine_msgs__rosidl_typesupport_fastrtps_c
[1.290s] [ 58%] Built target mav_state_machine_msgs__rosidl_typesupport_c
[1.290s] [ 72%] Built target mav_state_machine_msgs__rosidl_typesupport_introspection_c
[1.291s] [ 86%] Built target mav_state_machine_msgs__rosidl_typesupport_introspection_cpp
[1.319s] [100%] Built target mav_state_machine_msgs__rosidl_typesupport_fastrtps_cpp
[1.478s] [100%] Built target mav_state_machine_msgs
[2.354s] Invoked command in '/home/aimane/humble_ws/src/VNAV_23/vnav_ws/build/mav_state_machine_msgs' returned '0': CMAKE_PREFIX_PATH=${CMAKE_PREFIX_PATH}:/home/aimane/humble_ws/src/VNAV_23/vnav_ws/install/tesse_ros_bridge:/opt/ros/humble /usr/bin/cmake --build /home/aimane/humble_ws/src/VNAV_23/vnav_ws/build/mav_state_machine_msgs -- -j8 -l8
[2.355s] Invoking command in '/home/aimane/humble_ws/src/VNAV_23/vnav_ws/build/mav_state_machine_msgs': CMAKE_PREFIX_PATH=${CMAKE_PREFIX_PATH}:/home/aimane/humble_ws/src/VNAV_23/vnav_ws/install/tesse_ros_bridge:/opt/ros/humble /usr/bin/cmake --install /home/aimane/humble_ws/src/VNAV_23/vnav_ws/build/mav_state_machine_msgs
[2.400s] -- Install configuration: ""
[2.400s] -- Up-to-date: /home/aimane/humble_ws/src/VNAV_23/vnav_ws/install/mav_state_machine_msgs/share/ament_index/resource_index/rosidl_interfaces/mav_state_machine_msgs
[2.400s] -- Up-to-date: /home/aimane/humble_ws/src/VNAV_23/vnav_ws/install/mav_state_machine_msgs/include/mav_state_machine_msgs/mav_state_machine_msgs
[2.403s] -- Up-to-date: /home/aimane/humble_ws/src/VNAV_23/vnav_ws/install/mav_state_machine_msgs/include/mav_state_machine_msgs/mav_state_machine_msgs/msg
[2.403s] -- Up-to-date: /home/aimane/humble_ws/src/VNAV_23/vnav_ws/install/mav_state_machine_msgs/include/mav_state_machine_msgs/mav_state_machine_msgs/msg/detail
[2.404s] -- Up-to-date: /home/aimane/humble_ws/src/VNAV_23/vnav_ws/install/mav_state_machine_msgs/include/mav_state_machine_msgs/mav_state_machine_msgs/msg/detail/start_stop_task__type_support.h
[2.404s] -- Up-to-date: /home/aimane/humble_ws/src/VNAV_23/vnav_ws/install/mav_state_machine_msgs/include/mav_state_machine_msgs/mav_state_machine_msgs/msg/detail/start_stop_task__functions.h
[2.422s] -- Up-to-date: /home/aimane/humble_ws/src/VNAV_23/vnav_ws/install/mav_state_machine_msgs/include/mav_state_machine_msgs/mav_state_machine_msgs/msg/detail/start_stop_task__functions.c
[2.422s] -- Up-to-date: /home/aimane/humble_ws/src/VNAV_23/vnav_ws/install/mav_state_machine_msgs/include/mav_state_machine_msgs/mav_state_machine_msgs/msg/detail/start_stop_task__struct.h
[2.422s] -- Up-to-date: /home/aimane/humble_ws/src/VNAV_23/vnav_ws/install/mav_state_machine_msgs/include/mav_state_machine_msgs/mav_state_machine_msgs/msg/start_stop_task.h
[2.422s] -- Up-to-date: /home/aimane/humble_ws/src/VNAV_23/vnav_ws/install/mav_state_machine_msgs/include/mav_state_machine_msgs/mav_state_machine_msgs/msg/rosidl_generator_c__visibility_control.h
[2.426s] -- Up-to-date: /home/aimane/humble_ws/src/VNAV_23/vnav_ws/install/mav_state_machine_msgs/include/mav_state_machine_msgs/mav_state_machine_msgs/srv
[2.427s] -- Up-to-date: /home/aimane/humble_ws/src/VNAV_23/vnav_ws/install/mav_state_machine_msgs/include/mav_state_machine_msgs/mav_state_machine_msgs/srv/run_task_service.h
[2.427s] -- Up-to-date: /home/aimane/humble_ws/src/VNAV_23/vnav_ws/install/mav_state_machine_msgs/include/mav_state_machine_msgs/mav_state_machine_msgs/srv/detail
[2.427s] -- Up-to-date: /home/aimane/humble_ws/src/VNAV_23/vnav_ws/install/mav_state_machine_msgs/include/mav_state_machine_msgs/mav_state_machine_msgs/srv/detail/run_task_service__struct.h
[2.427s] -- Up-to-date: /home/aimane/humble_ws/src/VNAV_23/vnav_ws/install/mav_state_machine_msgs/include/mav_state_machine_msgs/mav_state_machine_msgs/srv/detail/run_task_service__functions.h
[2.429s] -- Up-to-date: /home/aimane/humble_ws/src/VNAV_23/vnav_ws/install/mav_state_machine_msgs/include/mav_state_machine_msgs/mav_state_machine_msgs/srv/detail/run_task_service__functions.c
[2.430s] -- Up-to-date: /home/aimane/humble_ws/src/VNAV_23/vnav_ws/install/mav_state_machine_msgs/include/mav_state_machine_msgs/mav_state_machine_msgs/srv/detail/run_task_service__type_support.h
[2.430s] -- Up-to-date: /home/aimane/humble_ws/src/VNAV_23/vnav_ws/install/mav_state_machine_msgs/share/mav_state_machine_msgs/environment/library_path.sh
[2.430s] -- Up-to-date: /home/aimane/humble_ws/src/VNAV_23/vnav_ws/install/mav_state_machine_msgs/share/mav_state_machine_msgs/environment/library_path.dsv
[2.435s] -- Up-to-date: /home/aimane/humble_ws/src/VNAV_23/vnav_ws/install/mav_state_machine_msgs/lib/libmav_state_machine_msgs__rosidl_generator_c.so
[2.437s] -- Up-to-date: /home/aimane/humble_ws/src/VNAV_23/vnav_ws/install/mav_state_machine_msgs/include/mav_state_machine_msgs/mav_state_machine_msgs
[2.439s] -- Up-to-date: /home/aimane/humble_ws/src/VNAV_23/vnav_ws/install/mav_state_machine_msgs/include/mav_state_machine_msgs/mav_state_machine_msgs/msg
[2.439s] -- Up-to-date: /home/aimane/humble_ws/src/VNAV_23/vnav_ws/install/mav_state_machine_msgs/include/mav_state_machine_msgs/mav_state_machine_msgs/msg/detail
[2.440s] -- Up-to-date: /home/aimane/humble_ws/src/VNAV_23/vnav_ws/install/mav_state_machine_msgs/include/mav_state_machine_msgs/mav_state_machine_msgs/msg/detail/start_stop_task__rosidl_typesupport_fastrtps_c.h
[2.440s] -- Up-to-date: /home/aimane/humble_ws/src/VNAV_23/vnav_ws/install/mav_state_machine_msgs/include/mav_state_machine_msgs/mav_state_machine_msgs/msg/rosidl_typesupport_fastrtps_c__visibility_control.h
[2.440s] -- Up-to-date: /home/aimane/humble_ws/src/VNAV_23/vnav_ws/install/mav_state_machine_msgs/include/mav_state_machine_msgs/mav_state_machine_msgs/srv
[2.440s] -- Up-to-date: /home/aimane/humble_ws/src/VNAV_23/vnav_ws/install/mav_state_machine_msgs/include/mav_state_machine_msgs/mav_state_machine_msgs/srv/detail
[2.440s] -- Up-to-date: /home/aimane/humble_ws/src/VNAV_23/vnav_ws/install/mav_state_machine_msgs/include/mav_state_machine_msgs/mav_state_machine_msgs/srv/detail/run_task_service__rosidl_typesupport_fastrtps_c.h
[2.443s] -- Up-to-date: /home/aimane/humble_ws/src/VNAV_23/vnav_ws/install/mav_state_machine_msgs/lib/libmav_state_machine_msgs__rosidl_typesupport_fastrtps_c.so
[2.445s] -- Up-to-date: /home/aimane/humble_ws/src/VNAV_23/vnav_ws/install/mav_state_machine_msgs/include/mav_state_machine_msgs/mav_state_machine_msgs
[2.446s] -- Up-to-date: /home/aimane/humble_ws/src/VNAV_23/vnav_ws/install/mav_state_machine_msgs/include/mav_state_machine_msgs/mav_state_machine_msgs/msg
[2.446s] -- Up-to-date: /home/aimane/humble_ws/src/VNAV_23/vnav_ws/install/mav_state_machine_msgs/include/mav_state_machine_msgs/mav_state_machine_msgs/msg/detail
[2.447s] -- Up-to-date: /home/aimane/humble_ws/src/VNAV_23/vnav_ws/install/mav_state_machine_msgs/include/mav_state_machine_msgs/mav_state_machine_msgs/msg/detail/start_stop_task__builder.hpp
[2.447s] -- Up-to-date: /home/aimane/humble_ws/src/VNAV_23/vnav_ws/install/mav_state_machine_msgs/include/mav_state_machine_msgs/mav_state_machine_msgs/msg/detail/start_stop_task__traits.hpp
[2.447s] -- Up-to-date: /home/aimane/humble_ws/src/VNAV_23/vnav_ws/install/mav_state_machine_msgs/include/mav_state_machine_msgs/mav_state_machine_msgs/msg/detail/start_stop_task__struct.hpp
[2.447s] -- Up-to-date: /home/aimane/humble_ws/src/VNAV_23/vnav_ws/install/mav_state_machine_msgs/include/mav_state_machine_msgs/mav_state_machine_msgs/msg/detail/start_stop_task__type_support.hpp
[2.448s] -- Up-to-date: /home/aimane/humble_ws/src/VNAV_23/vnav_ws/install/mav_state_machine_msgs/include/mav_state_machine_msgs/mav_state_machine_msgs/msg/start_stop_task.hpp
[2.448s] -- Up-to-date: /home/aimane/humble_ws/src/VNAV_23/vnav_ws/install/mav_state_machine_msgs/include/mav_state_machine_msgs/mav_state_machine_msgs/msg/rosidl_generator_cpp__visibility_control.hpp
[2.448s] -- Up-to-date: /home/aimane/humble_ws/src/VNAV_23/vnav_ws/install/mav_state_machine_msgs/include/mav_state_machine_msgs/mav_state_machine_msgs/srv
[2.448s] -- Up-to-date: /home/aimane/humble_ws/src/VNAV_23/vnav_ws/install/mav_state_machine_msgs/include/mav_state_machine_msgs/mav_state_machine_msgs/srv/detail
[2.460s] -- Up-to-date: /home/aimane/humble_ws/src/VNAV_23/vnav_ws/install/mav_state_machine_msgs/include/mav_state_machine_msgs/mav_state_machine_msgs/srv/detail/run_task_service__traits.hpp
[2.460s] -- Up-to-date: /home/aimane/humble_ws/src/VNAV_23/vnav_ws/install/mav_state_machine_msgs/include/mav_state_machine_msgs/mav_state_machine_msgs/srv/detail/run_task_service__struct.hpp
[2.460s] -- Up-to-date: /home/aimane/humble_ws/src/VNAV_23/vnav_ws/install/mav_state_machine_msgs/include/mav_state_machine_msgs/mav_state_machine_msgs/srv/detail/run_task_service__builder.hpp
[2.460s] -- Up-to-date: /home/aimane/humble_ws/src/VNAV_23/vnav_ws/install/mav_state_machine_msgs/include/mav_state_machine_msgs/mav_state_machine_msgs/srv/detail/run_task_service__type_support.hpp
[2.460s] -- Up-to-date: /home/aimane/humble_ws/src/VNAV_23/vnav_ws/install/mav_state_machine_msgs/include/mav_state_machine_msgs/mav_state_machine_msgs/srv/run_task_service.hpp
[2.460s] -- Up-to-date: /home/aimane/humble_ws/src/VNAV_23/vnav_ws/install/mav_state_machine_msgs/include/mav_state_machine_msgs/mav_state_machine_msgs
[2.460s] -- Up-to-date: /home/aimane/humble_ws/src/VNAV_23/vnav_ws/install/mav_state_machine_msgs/include/mav_state_machine_msgs/mav_state_machine_msgs/msg
[2.461s] -- Up-to-date: /home/aimane/humble_ws/src/VNAV_23/vnav_ws/install/mav_state_machine_msgs/include/mav_state_machine_msgs/mav_state_machine_msgs/msg/detail
[2.461s] -- Up-to-date: /home/aimane/humble_ws/src/VNAV_23/vnav_ws/install/mav_state_machine_msgs/include/mav_state_machine_msgs/mav_state_machine_msgs/msg/detail/dds_fastrtps
[2.461s] -- Up-to-date: /home/aimane/humble_ws/src/VNAV_23/vnav_ws/install/mav_state_machine_msgs/include/mav_state_machine_msgs/mav_state_machine_msgs/msg/detail/start_stop_task__rosidl_typesupport_fastrtps_cpp.hpp
[2.461s] -- Up-to-date: /home/aimane/humble_ws/src/VNAV_23/vnav_ws/install/mav_state_machine_msgs/include/mav_state_machine_msgs/mav_state_machine_msgs/msg/rosidl_typesupport_fastrtps_cpp__visibility_control.h
[2.461s] -- Up-to-date: /home/aimane/humble_ws/src/VNAV_23/vnav_ws/install/mav_state_machine_msgs/include/mav_state_machine_msgs/mav_state_machine_msgs/srv
[2.462s] -- Up-to-date: /home/aimane/humble_ws/src/VNAV_23/vnav_ws/install/mav_state_machine_msgs/include/mav_state_machine_msgs/mav_state_machine_msgs/srv/detail
[2.462s] -- Up-to-date: /home/aimane/humble_ws/src/VNAV_23/vnav_ws/install/mav_state_machine_msgs/include/mav_state_machine_msgs/mav_state_machine_msgs/srv/detail/dds_fastrtps
[2.468s] -- Up-to-date: /home/aimane/humble_ws/src/VNAV_23/vnav_ws/install/mav_state_machine_msgs/include/mav_state_machine_msgs/mav_state_machine_msgs/srv/detail/run_task_service__rosidl_typesupport_fastrtps_cpp.hpp
[2.469s] -- Up-to-date: /home/aimane/humble_ws/src/VNAV_23/vnav_ws/install/mav_state_machine_msgs/lib/libmav_state_machine_msgs__rosidl_typesupport_fastrtps_cpp.so
[2.471s] -- Up-to-date: /home/aimane/humble_ws/src/VNAV_23/vnav_ws/install/mav_state_machine_msgs/include/mav_state_machine_msgs/mav_state_machine_msgs
[2.471s] -- Up-to-date: /home/aimane/humble_ws/src/VNAV_23/vnav_ws/install/mav_state_machine_msgs/include/mav_state_machine_msgs/mav_state_machine_msgs/msg
[2.471s] -- Up-to-date: /home/aimane/humble_ws/src/VNAV_23/vnav_ws/install/mav_state_machine_msgs/include/mav_state_machine_msgs/mav_state_machine_msgs/msg/rosidl_typesupport_introspection_c__visibility_control.h
[2.484s] -- Up-to-date: /home/aimane/humble_ws/src/VNAV_23/vnav_ws/install/mav_state_machine_msgs/include/mav_state_machine_msgs/mav_state_machine_msgs/msg/detail
[2.485s] -- Up-to-date: /home/aimane/humble_ws/src/VNAV_23/vnav_ws/install/mav_state_machine_msgs/include/mav_state_machine_msgs/mav_state_machine_msgs/msg/detail/start_stop_task__rosidl_typesupport_introspection_c.h
[2.485s] -- Up-to-date: /home/aimane/humble_ws/src/VNAV_23/vnav_ws/install/mav_state_machine_msgs/include/mav_state_machine_msgs/mav_state_machine_msgs/msg/detail/start_stop_task__type_support.c
[2.485s] -- Up-to-date: /home/aimane/humble_ws/src/VNAV_23/vnav_ws/install/mav_state_machine_msgs/include/mav_state_machine_msgs/mav_state_machine_msgs/srv
[2.485s] -- Up-to-date: /home/aimane/humble_ws/src/VNAV_23/vnav_ws/install/mav_state_machine_msgs/include/mav_state_machine_msgs/mav_state_machine_msgs/srv/detail
[2.486s] -- Up-to-date: /home/aimane/humble_ws/src/VNAV_23/vnav_ws/install/mav_state_machine_msgs/include/mav_state_machine_msgs/mav_state_machine_msgs/srv/detail/run_task_service__rosidl_typesupport_introspection_c.h
[2.486s] -- Up-to-date: /home/aimane/humble_ws/src/VNAV_23/vnav_ws/install/mav_state_machine_msgs/include/mav_state_machine_msgs/mav_state_machine_msgs/srv/detail/run_task_service__type_support.c
[2.488s] -- Up-to-date: /home/aimane/humble_ws/src/VNAV_23/vnav_ws/install/mav_state_machine_msgs/lib/libmav_state_machine_msgs__rosidl_typesupport_introspection_c.so
[2.490s] -- Up-to-date: /home/aimane/humble_ws/src/VNAV_23/vnav_ws/install/mav_state_machine_msgs/lib/libmav_state_machine_msgs__rosidl_typesupport_c.so
[2.490s] -- Up-to-date: /home/aimane/humble_ws/src/VNAV_23/vnav_ws/install/mav_state_machine_msgs/include/mav_state_machine_msgs/mav_state_machine_msgs
[2.493s] -- Up-to-date: /home/aimane/humble_ws/src/VNAV_23/vnav_ws/install/mav_state_machine_msgs/include/mav_state_machine_msgs/mav_state_machine_msgs/msg
[2.493s] -- Up-to-date: /home/aimane/humble_ws/src/VNAV_23/vnav_ws/install/mav_state_machine_msgs/include/mav_state_machine_msgs/mav_state_machine_msgs/msg/detail
[2.494s] -- Up-to-date: /home/aimane/humble_ws/src/VNAV_23/vnav_ws/install/mav_state_machine_msgs/include/mav_state_machine_msgs/mav_state_machine_msgs/msg/detail/start_stop_task__rosidl_typesupport_introspection_cpp.hpp
[2.494s] -- Up-to-date: /home/aimane/humble_ws/src/VNAV_23/vnav_ws/install/mav_state_machine_msgs/include/mav_state_machine_msgs/mav_state_machine_msgs/msg/detail/start_stop_task__type_support.cpp
[2.494s] -- Up-to-date: /home/aimane/humble_ws/src/VNAV_23/vnav_ws/install/mav_state_machine_msgs/include/mav_state_machine_msgs/mav_state_machine_msgs/srv
[2.494s] -- Up-to-date: /home/aimane/humble_ws/src/VNAV_23/vnav_ws/install/mav_state_machine_msgs/include/mav_state_machine_msgs/mav_state_machine_msgs/srv/detail
[2.494s] -- Up-to-date: /home/aimane/humble_ws/src/VNAV_23/vnav_ws/install/mav_state_machine_msgs/include/mav_state_machine_msgs/mav_state_machine_msgs/srv/detail/run_task_service__rosidl_typesupport_introspection_cpp.hpp
[2.496s] -- Up-to-date: /home/aimane/humble_ws/src/VNAV_23/vnav_ws/install/mav_state_machine_msgs/include/mav_state_machine_msgs/mav_state_machine_msgs/srv/detail/run_task_service__type_support.cpp
[2.496s] -- Up-to-date: /home/aimane/humble_ws/src/VNAV_23/vnav_ws/install/mav_state_machine_msgs/lib/libmav_state_machine_msgs__rosidl_typesupport_introspection_cpp.so
[2.498s] -- Up-to-date: /home/aimane/humble_ws/src/VNAV_23/vnav_ws/install/mav_state_machine_msgs/lib/libmav_state_machine_msgs__rosidl_typesupport_cpp.so
[2.498s] -- Up-to-date: /home/aimane/humble_ws/src/VNAV_23/vnav_ws/install/mav_state_machine_msgs/share/mav_state_machine_msgs/msg/StartStopTask.idl
[2.499s] -- Up-to-date: /home/aimane/humble_ws/src/VNAV_23/vnav_ws/install/mav_state_machine_msgs/share/mav_state_machine_msgs/srv/RunTaskService.idl
[2.499s] -- Up-to-date: /home/aimane/humble_ws/src/VNAV_23/vnav_ws/install/mav_state_machine_msgs/share/mav_state_machine_msgs/msg/StartStopTask.msg
[2.500s] -- Up-to-date: /home/aimane/humble_ws/src/VNAV_23/vnav_ws/install/mav_state_machine_msgs/share/mav_state_machine_msgs/srv/RunTaskService.srv
[2.501s] -- Up-to-date: /home/aimane/humble_ws/src/VNAV_23/vnav_ws/install/mav_state_machine_msgs/share/mav_state_machine_msgs/srv/RunTaskService_Request.msg
[2.501s] -- Up-to-date: /home/aimane/humble_ws/src/VNAV_23/vnav_ws/install/mav_state_machine_msgs/share/mav_state_machine_msgs/srv/RunTaskService_Response.msg
[2.501s] -- Up-to-date: /home/aimane/humble_ws/src/VNAV_23/vnav_ws/install/mav_state_machine_msgs/share/ament_index/resource_index/package_run_dependencies/mav_state_machine_msgs
[2.501s] -- Up-to-date: /home/aimane/humble_ws/src/VNAV_23/vnav_ws/install/mav_state_machine_msgs/share/ament_index/resource_index/parent_prefix_path/mav_state_machine_msgs
[2.501s] -- Up-to-date: /home/aimane/humble_ws/src/VNAV_23/vnav_ws/install/mav_state_machine_msgs/share/mav_state_machine_msgs/environment/ament_prefix_path.sh
[2.502s] -- Up-to-date: /home/aimane/humble_ws/src/VNAV_23/vnav_ws/install/mav_state_machine_msgs/share/mav_state_machine_msgs/environment/ament_prefix_path.dsv
[2.502s] -- Up-to-date: /home/aimane/humble_ws/src/VNAV_23/vnav_ws/install/mav_state_machine_msgs/share/mav_state_machine_msgs/environment/path.sh
[2.502s] -- Up-to-date: /home/aimane/humble_ws/src/VNAV_23/vnav_ws/install/mav_state_machine_msgs/share/mav_state_machine_msgs/environment/path.dsv
[2.502s] -- Up-to-date: /home/aimane/humble_ws/src/VNAV_23/vnav_ws/install/mav_state_machine_msgs/share/mav_state_machine_msgs/local_setup.bash
[2.502s] -- Up-to-date: /home/aimane/humble_ws/src/VNAV_23/vnav_ws/install/mav_state_machine_msgs/share/mav_state_machine_msgs/local_setup.sh
[2.502s] -- Up-to-date: /home/aimane/humble_ws/src/VNAV_23/vnav_ws/install/mav_state_machine_msgs/share/mav_state_machine_msgs/local_setup.zsh
[2.503s] -- Up-to-date: /home/aimane/humble_ws/src/VNAV_23/vnav_ws/install/mav_state_machine_msgs/share/mav_state_machine_msgs/local_setup.dsv
[2.503s] -- Installing: /home/aimane/humble_ws/src/VNAV_23/vnav_ws/install/mav_state_machine_msgs/share/mav_state_machine_msgs/package.dsv
[2.503s] -- Up-to-date: /home/aimane/humble_ws/src/VNAV_23/vnav_ws/install/mav_state_machine_msgs/share/ament_index/resource_index/packages/mav_state_machine_msgs
[2.507s] -- Up-to-date: /home/aimane/humble_ws/src/VNAV_23/vnav_ws/install/mav_state_machine_msgs/share/mav_state_machine_msgs/cmake/export_mav_state_machine_msgs__rosidl_generator_cExport.cmake
[2.508s] -- Up-to-date: /home/aimane/humble_ws/src/VNAV_23/vnav_ws/install/mav_state_machine_msgs/share/mav_state_machine_msgs/cmake/export_mav_state_machine_msgs__rosidl_generator_cExport-noconfig.cmake
[2.508s] -- Up-to-date: /home/aimane/humble_ws/src/VNAV_23/vnav_ws/install/mav_state_machine_msgs/share/mav_state_machine_msgs/cmake/export_mav_state_machine_msgs__rosidl_typesupport_fastrtps_cExport.cmake
[2.508s] -- Up-to-date: /home/aimane/humble_ws/src/VNAV_23/vnav_ws/install/mav_state_machine_msgs/share/mav_state_machine_msgs/cmake/export_mav_state_machine_msgs__rosidl_typesupport_fastrtps_cExport-noconfig.cmake
[2.508s] -- Up-to-date: /home/aimane/humble_ws/src/VNAV_23/vnav_ws/install/mav_state_machine_msgs/share/mav_state_machine_msgs/cmake/export_mav_state_machine_msgs__rosidl_generator_cppExport.cmake
[2.508s] -- Up-to-date: /home/aimane/humble_ws/src/VNAV_23/vnav_ws/install/mav_state_machine_msgs/share/mav_state_machine_msgs/cmake/export_mav_state_machine_msgs__rosidl_typesupport_fastrtps_cppExport.cmake
[2.509s] -- Up-to-date: /home/aimane/humble_ws/src/VNAV_23/vnav_ws/install/mav_state_machine_msgs/share/mav_state_machine_msgs/cmake/export_mav_state_machine_msgs__rosidl_typesupport_fastrtps_cppExport-noconfig.cmake
[2.509s] -- Up-to-date: /home/aimane/humble_ws/src/VNAV_23/vnav_ws/install/mav_state_machine_msgs/share/mav_state_machine_msgs/cmake/mav_state_machine_msgs__rosidl_typesupport_introspection_cExport.cmake
[2.509s] -- Up-to-date: /home/aimane/humble_ws/src/VNAV_23/vnav_ws/install/mav_state_machine_msgs/share/mav_state_machine_msgs/cmake/mav_state_machine_msgs__rosidl_typesupport_introspection_cExport-noconfig.cmake
[2.511s] -- Up-to-date: /home/aimane/humble_ws/src/VNAV_23/vnav_ws/install/mav_state_machine_msgs/share/mav_state_machine_msgs/cmake/mav_state_machine_msgs__rosidl_typesupport_cExport.cmake
[2.513s] -- Up-to-date: /home/aimane/humble_ws/src/VNAV_23/vnav_ws/install/mav_state_machine_msgs/share/mav_state_machine_msgs/cmake/mav_state_machine_msgs__rosidl_typesupport_cExport-noconfig.cmake
[2.513s] -- Up-to-date: /home/aimane/humble_ws/src/VNAV_23/vnav_ws/install/mav_state_machine_msgs/share/mav_state_machine_msgs/cmake/mav_state_machine_msgs__rosidl_typesupport_introspection_cppExport.cmake
[2.513s] -- Up-to-date: /home/aimane/humble_ws/src/VNAV_23/vnav_ws/install/mav_state_machine_msgs/share/mav_state_machine_msgs/cmake/mav_state_machine_msgs__rosidl_typesupport_introspection_cppExport-noconfig.cmake
[2.513s] -- Up-to-date: /home/aimane/humble_ws/src/VNAV_23/vnav_ws/install/mav_state_machine_msgs/share/mav_state_machine_msgs/cmake/mav_state_machine_msgs__rosidl_typesupport_cppExport.cmake
[2.514s] -- Up-to-date: /home/aimane/humble_ws/src/VNAV_23/vnav_ws/install/mav_state_machine_msgs/share/mav_state_machine_msgs/cmake/mav_state_machine_msgs__rosidl_typesupport_cppExport-noconfig.cmake
[2.514s] -- Up-to-date: /home/aimane/humble_ws/src/VNAV_23/vnav_ws/install/mav_state_machine_msgs/share/mav_state_machine_msgs/cmake/rosidl_cmake-extras.cmake
[2.514s] -- Up-to-date: /home/aimane/humble_ws/src/VNAV_23/vnav_ws/install/mav_state_machine_msgs/share/mav_state_machine_msgs/cmake/ament_cmake_export_dependencies-extras.cmake
[2.514s] -- Up-to-date: /home/aimane/humble_ws/src/VNAV_23/vnav_ws/install/mav_state_machine_msgs/share/mav_state_machine_msgs/cmake/ament_cmake_export_include_directories-extras.cmake
[2.514s] -- Up-to-date: /home/aimane/humble_ws/src/VNAV_23/vnav_ws/install/mav_state_machine_msgs/share/mav_state_machine_msgs/cmake/ament_cmake_export_libraries-extras.cmake
[2.515s] -- Up-to-date: /home/aimane/humble_ws/src/VNAV_23/vnav_ws/install/mav_state_machine_msgs/share/mav_state_machine_msgs/cmake/ament_cmake_export_targets-extras.cmake
[2.515s] -- Up-to-date: /home/aimane/humble_ws/src/VNAV_23/vnav_ws/install/mav_state_machine_msgs/share/mav_state_machine_msgs/cmake/rosidl_cmake_export_typesupport_targets-extras.cmake
[2.515s] -- Up-to-date: /home/aimane/humble_ws/src/VNAV_23/vnav_ws/install/mav_state_machine_msgs/share/mav_state_machine_msgs/cmake/rosidl_cmake_export_typesupport_libraries-extras.cmake
[2.515s] -- Up-to-date: /home/aimane/humble_ws/src/VNAV_23/vnav_ws/install/mav_state_machine_msgs/share/mav_state_machine_msgs/cmake/mav_state_machine_msgsConfig.cmake
[2.519s] -- Up-to-date: /home/aimane/humble_ws/src/VNAV_23/vnav_ws/install/mav_state_machine_msgs/share/mav_state_machine_msgs/cmake/mav_state_machine_msgsConfig-version.cmake
[2.520s] -- Up-to-date: /home/aimane/humble_ws/src/VNAV_23/vnav_ws/install/mav_state_machine_msgs/share/mav_state_machine_msgs/package.xml
[2.657s] Invoked command in '/home/aimane/humble_ws/src/VNAV_23/vnav_ws/build/mav_state_machine_msgs' returned '0': CMAKE_PREFIX_PATH=${CMAKE_PREFIX_PATH}:/home/aimane/humble_ws/src/VNAV_23/vnav_ws/install/tesse_ros_bridge:/opt/ros/humble /usr/bin/cmake --install /home/aimane/humble_ws/src/VNAV_23/vnav_ws/build/mav_state_machine_msgs
