[0.038s] Invoking command in '/home/aimane/humble_ws/src/VNAV_23/vnav_ws/build/controller_pkg': AMENT_PREFIX_PATH=/home/aimane/humble_ws/src/VNAV_23/vnav_ws/install/mav_msgs:${AMENT_PREFIX_PATH} CMAKE_PREFIX_PATH=/home/aimane/humble_ws/src/VNAV_23/vnav_ws/install/mav_msgs:/opt/ros/humble LD_LIBRARY_PATH=/home/aimane/humble_ws/src/VNAV_23/vnav_ws/install/mav_msgs/lib:${LD_LIBRARY_PATH} PYTHONPATH=/home/aimane/humble_ws/src/VNAV_23/vnav_ws/install/mav_msgs/local/lib/python3.10/dist-packages:${PYTHONPATH} /usr/bin/cmake --build /home/aimane/humble_ws/src/VNAV_23/vnav_ws/build/controller_pkg -- -j8 -l8
[0.108s] [35m[1mConsolidate compiler generated dependencies of target controller_node[0m
[0.134s] [ 50%] Built target traj_publisher
[0.159s] [ 75%] [32mBuilding CXX object CMakeFiles/controller_node.dir/src/controller_node.cpp.o[0m
[4.157s] [01m[K/home/aimane/humble_ws/src/VNAV_23/vnav_ws/src/Lab3/controller_pkg/src/controller_node.cpp:[m[K In member function ‘[01m[Kvoid ControllerNode::controlLoop()[m[K’:
[4.157s] [01m[K/home/aimane/humble_ws/src/VNAV_23/vnav_ws/src/Lab3/controller_pkg/src/controller_node.cpp:316:77:[m[K [01;31m[Kerror: [m[Kno match for ‘[01m[Koperator=[m[K’ (operand types are ‘[01m[KEigen::Vector3d[m[K’ {aka ‘[01m[KEigen::Matrix<double, 3, 1>[m[K’} and ‘[01m[KEigen::ScalarBinaryOpTraits<double, double, Eigen::internal::scalar_product_op<double, double> >::ReturnType[m[K’ {aka ‘[01m[Kdouble[m[K’})
[4.157s]   316 |     F = ((- kx * ex - kv * ev + m * g * e3 + m * ad).transpose() * R).dot(e3[01;31m[K)[m[K;
[4.157s]       |                                                                             [01;31m[K^[m[K
[4.157s] In file included from [01m[K/usr/include/eigen3/Eigen/Core:295[m[K,
[4.158s]                  from [01m[K/usr/include/eigen3/Eigen/Dense:1[m[K,
[4.158s]                  from [01m[K/home/aimane/humble_ws/src/VNAV_23/vnav_ws/src/Lab3/controller_pkg/src/controller_node.cpp:37[m[K:
[4.158s] [01m[K/usr/include/eigen3/Eigen/src/Core/Matrix.h:223:33:[m[K [01;36m[Knote: [m[Kcandidate: ‘[01m[Ktemplate<class OtherDerived> Eigen::Matrix<_Scalar, _Rows, _Cols, _Options, _MaxRows, _MaxCols>& Eigen::Matrix<_Scalar, _Rows, _Cols, _Options, _MaxRows, _MaxCols>::operator=(const Eigen::DenseBase<OtherDerived>&) [with OtherDerived = OtherDerived; _Scalar = double; int _Rows = 3; int _Cols = 1; int _Options = 0; int _MaxRows = 3; int _MaxCols = 1][m[K’
[4.158s]   223 |     EIGEN_STRONG_INLINE Matrix& [01;36m[Koperator[m[K=(const DenseBase<OtherDerived>& other)
[4.158s]       |                                 [01;36m[K^~~~~~~~[m[K
[4.158s] [01m[K/usr/include/eigen3/Eigen/src/Core/Matrix.h:223:33:[m[K [01;36m[Knote: [m[K  template argument deduction/substitution failed:
[4.158s] [01m[K/home/aimane/humble_ws/src/VNAV_23/vnav_ws/src/Lab3/controller_pkg/src/controller_node.cpp:316:77:[m[K [01;36m[Knote: [m[K  mismatched types ‘[01m[Kconst Eigen::DenseBase<Derived>[m[K’ and ‘[01m[KEigen::ScalarBinaryOpTraits<double, double, Eigen::internal::scalar_product_op<double, double> >::ReturnType[m[K’ {aka ‘[01m[Kdouble[m[K’}
[4.158s]   316 |     F = ((- kx * ex - kv * ev + m * g * e3 + m * ad).transpose() * R).dot(e3[01;36m[K)[m[K;
[4.158s]       |                                                                             [01;36m[K^[m[K
[4.158s] In file included from [01m[K/usr/include/eigen3/Eigen/Core:295[m[K,
[4.158s]                  from [01m[K/usr/include/eigen3/Eigen/Dense:1[m[K,
[4.158s]                  from [01m[K/home/aimane/humble_ws/src/VNAV_23/vnav_ws/src/Lab3/controller_pkg/src/controller_node.cpp:37[m[K:
[4.158s] [01m[K/usr/include/eigen3/Eigen/src/Core/Matrix.h:236:33:[m[K [01;36m[Knote: [m[Kcandidate: ‘[01m[Ktemplate<class OtherDerived> Eigen::Matrix<_Scalar, _Rows, _Cols, _Options, _MaxRows, _MaxCols>& Eigen::Matrix<_Scalar, _Rows, _Cols, _Options, _MaxRows, _MaxCols>::operator=(const Eigen::EigenBase<OtherDerived>&) [with OtherDerived = OtherDerived; _Scalar = double; int _Rows = 3; int _Cols = 1; int _Options = 0; int _MaxRows = 3; int _MaxCols = 1][m[K’
[4.158s]   236 |     EIGEN_STRONG_INLINE Matrix& [01;36m[Koperator[m[K=(const EigenBase<OtherDerived> &other)
[4.158s]       |                                 [01;36m[K^~~~~~~~[m[K
[4.158s] [01m[K/usr/include/eigen3/Eigen/src/Core/Matrix.h:236:33:[m[K [01;36m[Knote: [m[K  template argument deduction/substitution failed:
[4.158s] [01m[K/home/aimane/humble_ws/src/VNAV_23/vnav_ws/src/Lab3/controller_pkg/src/controller_node.cpp:316:77:[m[K [01;36m[Knote: [m[K  mismatched types ‘[01m[Kconst Eigen::EigenBase<Derived>[m[K’ and ‘[01m[KEigen::ScalarBinaryOpTraits<double, double, Eigen::internal::scalar_product_op<double, double> >::ReturnType[m[K’ {aka ‘[01m[Kdouble[m[K’}
[4.159s]   316 |     F = ((- kx * ex - kv * ev + m * g * e3 + m * ad).transpose() * R).dot(e3[01;36m[K)[m[K;
[4.159s]       |                                                                             [01;36m[K^[m[K
[4.159s] In file included from [01m[K/usr/include/eigen3/Eigen/Core:295[m[K,
[4.159s]                  from [01m[K/usr/include/eigen3/Eigen/Dense:1[m[K,
[4.159s]                  from [01m[K/home/aimane/humble_ws/src/VNAV_23/vnav_ws/src/Lab3/controller_pkg/src/controller_node.cpp:37[m[K:
[4.159s] [01m[K/usr/include/eigen3/Eigen/src/Core/Matrix.h:243:33:[m[K [01;36m[Knote: [m[Kcandidate: ‘[01m[Ktemplate<class OtherDerived> Eigen::Matrix<_Scalar, _Rows, _Cols, _Options, _MaxRows, _MaxCols>& Eigen::Matrix<_Scalar, _Rows, _Cols, _Options, _MaxRows, _MaxCols>::operator=(const Eigen::ReturnByValue<OtherDerived>&) [with OtherDerived = OtherDerived; _Scalar = double; int _Rows = 3; int _Cols = 1; int _Options = 0; int _MaxRows = 3; int _MaxCols = 1][m[K’
[4.159s]   243 |     EIGEN_STRONG_INLINE Matrix& [01;36m[Koperator[m[K=(const ReturnByValue<OtherDerived>& func)
[4.159s]       |                                 [01;36m[K^~~~~~~~[m[K
[4.159s] [01m[K/usr/include/eigen3/Eigen/src/Core/Matrix.h:243:33:[m[K [01;36m[Knote: [m[K  template argument deduction/substitution failed:
[4.159s] [01m[K/home/aimane/humble_ws/src/VNAV_23/vnav_ws/src/Lab3/controller_pkg/src/controller_node.cpp:316:77:[m[K [01;36m[Knote: [m[K  mismatched types ‘[01m[Kconst Eigen::ReturnByValue<Derived>[m[K’ and ‘[01m[KEigen::ScalarBinaryOpTraits<double, double, Eigen::internal::scalar_product_op<double, double> >::ReturnType[m[K’ {aka ‘[01m[Kdouble[m[K’}
[4.159s]   316 |     F = ((- kx * ex - kv * ev + m * g * e3 + m * ad).transpose() * R).dot(e3[01;36m[K)[m[K;
[4.159s]       |                                                                             [01;36m[K^[m[K
[4.159s] In file included from [01m[K/usr/include/eigen3/Eigen/Core:295[m[K,
[4.159s]                  from [01m[K/usr/include/eigen3/Eigen/Dense:1[m[K,
[4.159s]                  from [01m[K/home/aimane/humble_ws/src/VNAV_23/vnav_ws/src/Lab3/controller_pkg/src/controller_node.cpp:37[m[K:
[4.159s] [01m[K/usr/include/eigen3/Eigen/src/Core/Matrix.h:438:13:[m[K [01;36m[Knote: [m[Kcandidate: ‘[01m[Ktemplate<class OtherDerived> Eigen::Matrix<_Scalar, _Rows, _Cols, _Options, _MaxRows, _MaxCols>& Eigen::Matrix<_Scalar, _Rows, _Cols, _Options, _MaxRows, _MaxCols>::operator=(const Eigen::RotationBase<OtherDerived, Eigen::Matrix<_Scalar, _Rows, _Cols, _Options, _MaxRows, _MaxCols>::ColsAtCompileTime>&) [with OtherDerived = OtherDerived; _Scalar = double; int _Rows = 3; int _Cols = 1; int _Options = 0; int _MaxRows = 3; int _MaxCols = 1][m[K’
[4.159s]   438 |     Matrix& [01;36m[Koperator[m[K=(const RotationBase<OtherDerived,ColsAtCompileTime>& r);
[4.159s]       |             [01;36m[K^~~~~~~~[m[K
[4.159s] [01m[K/usr/include/eigen3/Eigen/src/Core/Matrix.h:438:13:[m[K [01;36m[Knote: [m[K  template argument deduction/substitution failed:
[4.160s] [01m[K/home/aimane/humble_ws/src/VNAV_23/vnav_ws/src/Lab3/controller_pkg/src/controller_node.cpp:316:77:[m[K [01;36m[Knote: [m[K  mismatched types ‘[01m[Kconst Eigen::RotationBase<OtherDerived, 1>[m[K’ and ‘[01m[KEigen::ScalarBinaryOpTraits<double, double, Eigen::internal::scalar_product_op<double, double> >::ReturnType[m[K’ {aka ‘[01m[Kdouble[m[K’}
[4.160s]   316 |     F = ((- kx * ex - kv * ev + m * g * e3 + m * ad).transpose() * R).dot(e3[01;36m[K)[m[K;
[4.160s]       |                                                                             [01;36m[K^[m[K
[4.160s] In file included from [01m[K/usr/include/eigen3/Eigen/Core:295[m[K,
[4.160s]                  from [01m[K/usr/include/eigen3/Eigen/Dense:1[m[K,
[4.160s]                  from [01m[K/home/aimane/humble_ws/src/VNAV_23/vnav_ws/src/Lab3/controller_pkg/src/controller_node.cpp:37[m[K:
[4.160s] [01m[K/usr/include/eigen3/Eigen/src/Core/Matrix.h:206:33:[m[K [01;36m[Knote: [m[Kcandidate: ‘[01m[KEigen::Matrix<_Scalar, _Rows, _Cols, _Options, _MaxRows, _MaxCols>& Eigen::Matrix<_Scalar, _Rows, _Cols, _Options, _MaxRows, _MaxCols>::operator=(const Eigen::Matrix<_Scalar, _Rows, _Cols, _Options, _MaxRows, _MaxCols>&) [with _Scalar = double; int _Rows = 3; int _Cols = 1; int _Options = 0; int _MaxRows = 3; int _MaxCols = 1][m[K’
[4.160s]   206 |     EIGEN_STRONG_INLINE Matrix& [01;36m[Koperator[m[K=(const Matrix& other)
[4.160s]       |                                 [01;36m[K^~~~~~~~[m[K
[4.160s] [01m[K/usr/include/eigen3/Eigen/src/Core/Matrix.h:206:57:[m[K [01;36m[Knote: [m[K  no known conversion for argument 1 from ‘[01m[KEigen::ScalarBinaryOpTraits<double, double, Eigen::internal::scalar_product_op<double, double> >::ReturnType[m[K’ {aka ‘[01m[Kdouble[m[K’} to ‘[01m[Kconst Eigen::Matrix<double, 3, 1>&[m[K’
[4.160s]   206 |     EIGEN_STRONG_INLINE Matrix& operator=([01;36m[Kconst Matrix& other[m[K)
[4.160s]       |                                           [01;36m[K~~~~~~~~~~~~~~^~~~~[m[K
[4.160s] [01m[K/usr/include/eigen3/Eigen/src/Core/Matrix.h:279:13:[m[K [01;36m[Knote: [m[Kcandidate: ‘[01m[KEigen::Matrix<_Scalar, _Rows, _Cols, _Options, _MaxRows, _MaxCols>& Eigen::Matrix<_Scalar, _Rows, _Cols, _Options, _MaxRows, _MaxCols>::operator=(Eigen::Matrix<_Scalar, _Rows, _Cols, _Options, _MaxRows, _MaxCols>&&) [with _Scalar = double; int _Rows = 3; int _Cols = 1; int _Options = 0; int _MaxRows = 3; int _MaxCols = 1][m[K’
[4.160s]   279 |     Matrix& [01;36m[Koperator[m[K=(Matrix&& other) EIGEN_NOEXCEPT_IF(std::is_nothrow_move_assignable<Scalar>::value)
[4.160s]       |             [01;36m[K^~~~~~~~[m[K
[4.160s] [01m[K/usr/include/eigen3/Eigen/src/Core/Matrix.h:279:32:[m[K [01;36m[Knote: [m[K  no known conversion for argument 1 from ‘[01m[KEigen::ScalarBinaryOpTraits<double, double, Eigen::internal::scalar_product_op<double, double> >::ReturnType[m[K’ {aka ‘[01m[Kdouble[m[K’} to ‘[01m[KEigen::Matrix<double, 3, 1>&&[m[K’
[4.160s]   279 |     Matrix& operator=([01;36m[KMatrix&& other[m[K) EIGEN_NOEXCEPT_IF(std::is_nothrow_move_assignable<Scalar>::value)
[4.160s]       |                       [01;36m[K~~~~~~~~~^~~~~[m[K
[10.101s] gmake[2]: *** [CMakeFiles/controller_node.dir/build.make:76: CMakeFiles/controller_node.dir/src/controller_node.cpp.o] Error 1
[10.101s] gmake[1]: *** [CMakeFiles/Makefile2:139: CMakeFiles/controller_node.dir/all] Error 2
[10.101s] gmake: *** [Makefile:146: all] Error 2
[10.104s] Invoked command in '/home/aimane/humble_ws/src/VNAV_23/vnav_ws/build/controller_pkg' returned '2': AMENT_PREFIX_PATH=/home/aimane/humble_ws/src/VNAV_23/vnav_ws/install/mav_msgs:${AMENT_PREFIX_PATH} CMAKE_PREFIX_PATH=/home/aimane/humble_ws/src/VNAV_23/vnav_ws/install/mav_msgs:/opt/ros/humble LD_LIBRARY_PATH=/home/aimane/humble_ws/src/VNAV_23/vnav_ws/install/mav_msgs/lib:${LD_LIBRARY_PATH} PYTHONPATH=/home/aimane/humble_ws/src/VNAV_23/vnav_ws/install/mav_msgs/local/lib/python3.10/dist-packages:${PYTHONPATH} /usr/bin/cmake --build /home/aimane/humble_ws/src/VNAV_23/vnav_ws/build/controller_pkg -- -j8 -l8
